Archive member included to satisfy reference by file (symbol)

app/libapp.a(bootmode_to_magic_mapper.c.obj)
                              (--whole-archive)
app/libapp.a(stdlib.c.obj)    (--whole-archive)
app/libapp.a(activity.c.obj)  (--whole-archive)
app/libapp.a(behavior.c.obj)  (--whole-archive)
app/libapp.a(matrix_transform.c.obj)
                              (--whole-archive)
app/libapp.a(physical_layouts.c.obj)
                              (--whole-archive)
app/libapp.a(sensors.c.obj)   (--whole-archive)
app/libapp.a(event_manager.c.obj)
                              (--whole-archive)
app/libapp.a(ext_power_generic.c.obj)
                              (--whole-archive)
app/libapp.a(activity_state_changed.c.obj)
                              (--whole-archive)
app/libapp.a(position_state_changed.c.obj)
                              (--whole-archive)
app/libapp.a(sensor_event.c.obj)
                              (--whole-archive)
app/libapp.a(usb_conn_state_changed.c.obj)
                              (--whole-archive)
app/libapp.a(behavior_reset.c.obj)
                              (--whole-archive)
app/libapp.a(behavior_ext_power.c.obj)
                              (--whole-archive)
app/libapp.a(hid.c.obj)       (--whole-archive)
app/libapp.a(behavior_key_press.c.obj)
                              (--whole-archive)
app/libapp.a(behavior_caps_word.c.obj)
                              (--whole-archive)
app/libapp.a(behavior_key_repeat.c.obj)
                              (--whole-archive)
app/libapp.a(behavior_momentary_layer.c.obj)
                              (--whole-archive)
app/libapp.a(behavior_mod_morph.c.obj)
                              (--whole-archive)
app/libapp.a(behavior_outputs.c.obj)
                              (--whole-archive)
app/libapp.a(behavior_toggle_layer.c.obj)
                              (--whole-archive)
app/libapp.a(behavior_to_layer.c.obj)
                              (--whole-archive)
app/libapp.a(behavior_transparent.c.obj)
                              (--whole-archive)
app/libapp.a(behavior_none.c.obj)
                              (--whole-archive)
app/libapp.a(combo.c.obj)     (--whole-archive)
app/libapp.a(behavior_queue.c.obj)
                              (--whole-archive)
app/libapp.a(conditional_layer.c.obj)
                              (--whole-archive)
app/libapp.a(endpoints.c.obj)
                              (--whole-archive)
app/libapp.a(endpoint_changed.c.obj)
                              (--whole-archive)
app/libapp.a(hid_listener.c.obj)
                              (--whole-archive)
app/libapp.a(keymap.c.obj)    (--whole-archive)
app/libapp.a(layer_state_changed.c.obj)
                              (--whole-archive)
app/libapp.a(modifiers_state_changed.c.obj)
                              (--whole-archive)
app/libapp.a(keycode_state_changed.c.obj)
                              (--whole-archive)
app/libapp.a(usb.c.obj)       (--whole-archive)
app/libapp.a(usb_hid.c.obj)   (--whole-archive)
app/libapp.a(main.c.obj)      (--whole-archive)
app/libapp.a(reset_settings_nvs.c.obj)
                              (--whole-archive)
app/libapp.a(reset_settings_on_start.c.obj)
                              (--whole-archive)
zephyr/libzephyr.a(crc32c_sw.c.obj)
                              (--whole-archive)
zephyr/libzephyr.a(crc32_sw.c.obj)
                              (--whole-archive)
zephyr/libzephyr.a(crc24_sw.c.obj)
                              (--whole-archive)
zephyr/libzephyr.a(crc16_sw.c.obj)
                              (--whole-archive)
zephyr/libzephyr.a(crc8_sw.c.obj)
                              (--whole-archive)
zephyr/libzephyr.a(crc7_sw.c.obj)
                              (--whole-archive)
zephyr/libzephyr.a(crc4_sw.c.obj)
                              (--whole-archive)
zephyr/libzephyr.a(heap.c.obj)
                              (--whole-archive)
zephyr/libzephyr.a(cbprintf_packaged.c.obj)
                              (--whole-archive)
zephyr/libzephyr.a(printk.c.obj)
                              (--whole-archive)
zephyr/libzephyr.a(sem.c.obj)
                              (--whole-archive)
zephyr/libzephyr.a(thread_entry.c.obj)
                              (--whole-archive)
zephyr/libzephyr.a(cbprintf_complete.c.obj)
                              (--whole-archive)
zephyr/libzephyr.a(assert.c.obj)
                              (--whole-archive)
zephyr/libzephyr.a(reboot.c.obj)
                              (--whole-archive)
zephyr/libzephyr.a(dec.c.obj)
                              (--whole-archive)
zephyr/libzephyr.a(hex.c.obj)
                              (--whole-archive)
zephyr/libzephyr.a(rb.c.obj)  (--whole-archive)
zephyr/libzephyr.a(timeutil.c.obj)
                              (--whole-archive)
zephyr/libzephyr.a(bitarray.c.obj)
                              (--whole-archive)
zephyr/libzephyr.a(onoff.c.obj)
                              (--whole-archive)
zephyr/libzephyr.a(notify.c.obj)
[...]
Memory Configuration

Name             Origin             Length             Attributes
FLASH            0x0000000000027000 0x00000000000c5000 xr
RAM              0x0000000020000000 0x0000000000040000 xw
IDT_LIST         0x00000000ffff7fff 0x0000000000008000 xw
*default*        0x0000000000000000 0xffffffffffffffff

Linker script and memory map

                0x0000000000030364                vfprintf = __d_vfprintf
                0x0000000000000000                vfscanf = __d_vfscanf
LOAD zephyr/CMakeFiles/zephyr_pre0.dir/misc/empty_file.c.obj
LOAD zephyr/CMakeFiles/offsets.dir/./arch/arm/core/offsets/offsets.c.obj
LOAD app/libapp.a
LOAD zephyr/libzephyr.a
LOAD zephyr/arch/common/libarch__common.a
LOAD zephyr/arch/arch/arm/core/libarch__arm__core.a
LOAD zephyr/arch/arch/arm/core/cortex_m/libarch__arm__core__cortex_m.a
LOAD zephyr/arch/arch/arm/core/mpu/libarch__arm__core__mpu.a
LOAD zephyr/lib/libc/picolibc/liblib__libc__picolibc.a
LOAD zephyr/lib/libc/common/liblib__libc__common.a
LOAD zephyr/soc/soc/nrf52840/libsoc__nordic.a
LOAD zephyr/subsys/usb/device/class/hid/libsubsys__usb__device__class__hid.a
LOAD zephyr/subsys/retention/libsubsys__retention.a
LOAD zephyr/drivers/usb/device/libdrivers__usb__device.a
LOAD zephyr/drivers/usb/common/nrf_usbd_common/libdrivers__usb__common__nrf_usbd_common.a
LOAD zephyr/drivers/clock_control/libdrivers__clock_control.a
LOAD zephyr/drivers/console/libdrivers__console.a
LOAD zephyr/drivers/flash/libdrivers__flash.a
LOAD zephyr/drivers/gpio/libdrivers__gpio.a
LOAD zephyr/drivers/hwinfo/libdrivers__hwinfo.a
LOAD zephyr/drivers/kscan/libdrivers__kscan.a
LOAD zephyr/drivers/pinctrl/libdrivers__pinctrl.a
LOAD zephyr/drivers/retained_mem/libdrivers__retained_mem.a
LOAD zephyr/drivers/serial/libdrivers__serial.a
LOAD zephyr/drivers/timer/libdrivers__timer.a
LOAD modules/hal_nordic/nrfx/libmodules__hal_nordic__nrfx.a
LOAD zephyr/kernel/libkernel.a
LOAD zephyr/arch/common/libisr_tables.a
LOAD /home/tverdyy/.local/zephyr-sdk/arm-zephyr-eabi/bin/../lib/gcc/../../picolibc/arm-zephyr-eabi/lib/thumb/v7e-m+fp/hard/libc.a
LOAD /home/tverdyy/.local/zephyr-sdk/arm-zephyr-eabi/bin/../lib/gcc/arm-zephyr-eabi/12.2.0/thumb/v7e-m+fp/hard/libgcc.a
                0x0000000000000080                _region_min_align = 0x80

.rel.plt        0x0000000000027000        0x0
 *(SORT_BY_ALIGNMENT(.rel.plt))
                [!provide]                        PROVIDE (__rel_iplt_start = .)
 *(SORT_BY_ALIGNMENT(.rel.iplt))
 .rel.iplt      0x0000000000027000        0x0 app/libapp.a(bootmode_to_magic_mapper.c.obj)
                [!provide]                        PROVIDE (__rel_iplt_end = .)

.rela.plt       0x0000000000000000        0x0
 *(SORT_BY_ALIGNMENT(.rela.plt))
                [!provide]                        PROVIDE (__rela_iplt_start = .)
 *(SORT_BY_ALIGNMENT(.rela.iplt))
                [!provide]                        PROVIDE (__rela_iplt_end = .)

.rel.dyn
 *(SORT_BY_ALIGNMENT(.rel.*))

.rela.dyn
 *(SORT_BY_ALIGNMENT(.rela.*))

/DISCARD/
 *(SORT_BY_ALIGNMENT(.plt))

/DISCARD/
 *(SORT_BY_ALIGNMENT(.iplt))
                0x0000000000027000                __rom_region_start = 0x27000

rom_start       0x0000000000027000      0x100
                0x0000000000027000                __rom_start_address = .
 FILL mask 0x00
                0x0000000000027000                . = (. + (0x0 - (. - __rom_start_address)))
                0x0000000000027000                . = ALIGN (0x4)
                0x0000000000027000                . = ALIGN (0x80)
                0x0000000000027000                . = ALIGN (0x100)
                0x0000000000027000                _vector_start = .
 *(SORT_BY_ALIGNMENT(.exc_vector_table))
 *(SORT_BY_ALIGNMENT(.exc_vector_table.*))
 .exc_vector_table._vector_table_section
                0x0000000000027000       0x40 zephyr/arch/arch/arm/core/cortex_m/libarch__arm__core__cortex_m.a(vector_table.S.obj)
                0x0000000000027000                _vector_table
 *(SORT_BY_ALIGNMENT(.vectors))
                0x0000000000027100                _vector_end = .
                0x0000000000027040                . = ALIGN (0x4)
 *(SORT_BY_ALIGNMENT(.gnu.linkonce.irq_vector_table*))
 .gnu.linkonce.irq_vector_table
                0x0000000000027040       0xc0 zephyr/arch/common/libisr_tables.a(isr_tables.c.obj)
                0x0000000000027040                _irq_vector_table
                0x0000000000027100                _vector_end = .

text            0x0000000000027100     0xd23c
                0x0000000000027100                __text_region_start = .
 *(SORT_BY_ALIGNMENT(.text))
 .text          0x0000000000027100       0x30 /home/tverdyy/.local/zephyr-sdk/arm-zephyr-eabi/bin/../lib/gcc/arm-zephyr-eabi/12.2.0/thumb/v7e-m+fp/hard/libgcc.a(_aeabi_uldivmod.o)
                0x0000000000027100                __aeabi_uldivmod
 .text          0x0000000000027130        0x4 /home/tverdyy/.local/zephyr-sdk/arm-zephyr-eabi/bin/../lib/gcc/arm-zephyr-eabi/12.2.0/thumb/v7e-m+fp/hard/libgcc.a(_dvmd_tls.o)
                0x0000000000027130                __aeabi_ldiv0
                0x0000000000027130                __aeabi_idiv0
 .text          0x0000000000027134       0x14 /home/tverdyy/.local/zephyr-sdk/arm-zephyr-eabi/bin/../lib/gcc/../../picolibc/arm-zephyr-eabi/lib/thumb/v7e-m+fp/hard/libc.a(strcmp.S.o)
                0x0000000000027134                strcmp
 .text          0x0000000000027148       0x10 /home/tverdyy/.local/zephyr-sdk/arm-zephyr-eabi/bin/../lib/gcc/../../picolibc/arm-zephyr-eabi/lib/thumb/v7e-m+fp/hard/libc.a(strlen.S.o)
                0x0000000000027148                strlen
 .text          0x0000000000027158      0x2a0 /home/tverdyy/.local/zephyr-sdk/arm-zephyr-eabi/bin/../lib/gcc/arm-zephyr-eabi/12.2.0/thumb/v7e-m+fp/hard/libgcc.a(_udivmoddi4.o)
                0x0000000000027158                __udivmoddi4
 *(SORT_BY_ALIGNMENT(.text.*))
 .text.btmm_ram_clear
                0x00000000000273f8        0xc app/libapp.a(bootmode_to_magic_mapper.c.obj)
 .text.btmm_ram_write
                0x0000000000027404       0x30 app/libapp.a(bootmode_to_magic_mapper.c.obj)
 .text.btmm_ram_read
                0x0000000000027434       0x38 app/libapp.a(bootmode_to_magic_mapper.c.obj)
 .text.activity_expiry_function
                0x000000000002746c        0xc app/libapp.a(activity.c.obj)
                0x000000000002746c                activity_expiry_function
 .text.activity_init
                0x0000000000027478       0x3c app/libapp.a(activity.c.obj)
 .text.raise_event
                0x00000000000274b4        0xc app/libapp.a(activity.c.obj)
                0x00000000000274b4                raise_event
 .text.set_state
                0x00000000000274c0       0x18 app/libapp.a(activity.c.obj)
                0x00000000000274c0                set_state
 .text.activity_work_handler
                0x00000000000274d8       0x38 app/libapp.a(activity.c.obj)
                0x00000000000274d8                activity_work_handler
 .text.activity_event_listener
                0x0000000000027510       0x2c app/libapp.a(activity.c.obj)
 .text.z_impl_behavior_get_binding
                0x000000000002753c       0x58 app/libapp.a(behavior.c.obj)
                0x000000000002753c                z_impl_behavior_get_binding
 .text.zmk_physical_layouts_kscan_process_msgq
                0x0000000000027594       0x70 app/libapp.a(physical_layouts.c.obj)
 .text.zmk_physical_layout_kscan_callback
                0x0000000000027604       0x38 app/libapp.a(physical_layouts.c.obj)
 .text.raise_zmk_physical_layout_selection_changed
                0x000000000002763c       0x20 app/libapp.a(physical_layouts.c.obj)
                0x000000000002763c                raise_zmk_physical_layout_selection_changed
 .text.zmk_physical_layouts_select_layout
                0x000000000002765c       0x68 app/libapp.a(physical_layouts.c.obj)
                0x000000000002765c                zmk_physical_layouts_select_layout
 .text.zmk_physical_layouts_select
                0x00000000000276c4       0x24 app/libapp.a(physical_layouts.c.obj)
                0x00000000000276c4                zmk_physical_layouts_select
 .text.physical_layouts_handle_set
                0x00000000000276e8       0x44 app/libapp.a(physical_layouts.c.obj)
 .text.zmk_physical_layouts_select_initial
                0x000000000002772c        0xc app/libapp.a(physical_layouts.c.obj)
                0x000000000002772c                zmk_physical_layouts_select_initial
 .text.zmk_physical_layouts_init
                0x0000000000027738       0x1c app/libapp.a(physical_layouts.c.obj)
 .text.zmk_event_manager_handle_from
                0x0000000000027754       0x48 app/libapp.a(event_manager.c.obj)
                0x0000000000027754                zmk_event_manager_handle_from
 .text.raise_zmk_activity_state_changed
                0x000000000002779c       0x20 app/libapp.a(activity_state_changed.c.obj)
                0x000000000002779c                raise_zmk_activity_state_changed
 .text.raise_zmk_position_state_changed
                0x00000000000277bc       0x38 app/libapp.a(position_state_changed.c.obj)
                0x00000000000277bc                raise_zmk_position_state_changed
 .text.as_zmk_position_state_changed
                0x00000000000277f4       0x14 app/libapp.a(position_state_changed.c.obj)
                0x00000000000277f4                as_zmk_position_state_changed
 .text.raise_zmk_usb_conn_state_changed
                0x0000000000027808       0x20 app/libapp.a(usb_conn_state_changed.c.obj)
                0x0000000000027808                raise_zmk_usb_conn_state_changed
 .text.on_keymap_binding_pressed
                0x0000000000027828       0x58 app/libapp.a(behavior_ext_power.c.obj)
 .text.on_keymap_binding_convert_central_state_dependent_params
                0x0000000000027880       0x40 app/libapp.a(behavior_ext_power.c.obj)
 .text.zmk_hid_register_mod
                0x00000000000278c0       0x4c app/libapp.a(hid.c.obj)
                0x00000000000278c0                zmk_hid_register_mod
 .text.zmk_hid_unregister_mod
                0x000000000002790c       0x5c app/libapp.a(hid.c.obj)
                0x000000000002790c                zmk_hid_unregister_mod
 .text.zmk_hid_mod_is_pressed
                0x0000000000027968       0x18 app/libapp.a(hid.c.obj)
                0x0000000000027968                zmk_hid_mod_is_pressed
 .text.zmk_hid_implicit_modifiers_press
                0x0000000000027980       0x34 app/libapp.a(hid.c.obj)
                0x0000000000027980                zmk_hid_implicit_modifiers_press
 .text.zmk_hid_implicit_modifiers_release
                0x00000000000279b4       0x30 app/libapp.a(hid.c.obj)
                0x00000000000279b4                zmk_hid_implicit_modifiers_release
 .text.zmk_hid_keyboard_press
                0x00000000000279e4       0x30 app/libapp.a(hid.c.obj)
                0x00000000000279e4                zmk_hid_keyboard_press
 .text.zmk_hid_keyboard_release
                0x0000000000027a14       0x38 app/libapp.a(hid.c.obj)
                0x0000000000027a14                zmk_hid_keyboard_release
 .text.zmk_hid_keyboard_is_pressed
                0x0000000000027a4c       0x30 app/libapp.a(hid.c.obj)
                0x0000000000027a4c                zmk_hid_keyboard_is_pressed
 .text.zmk_hid_keyboard_clear
                0x0000000000027a7c       0x10 app/libapp.a(hid.c.obj)
                0x0000000000027a7c                zmk_hid_keyboard_clear
 .text.zmk_hid_consumer_press
                0x0000000000027a8c       0x34 app/libapp.a(hid.c.obj)
                0x0000000000027a8c                zmk_hid_consumer_press
 .text.zmk_hid_consumer_release
                0x0000000000027ac0       0x28 app/libapp.a(hid.c.obj)
                0x0000000000027ac0                zmk_hid_consumer_release
 .text.zmk_hid_consumer_clear
                0x0000000000027ae8       0x10 app/libapp.a(hid.c.obj)
                0x0000000000027ae8                zmk_hid_consumer_clear
 .text.zmk_hid_consumer_is_pressed
                0x0000000000027af8       0x24 app/libapp.a(hid.c.obj)
                0x0000000000027af8                zmk_hid_consumer_is_pressed
 .text.zmk_hid_get_keyboard_report
                0x0000000000027b1c        0x8 app/libapp.a(hid.c.obj)
                0x0000000000027b1c                zmk_hid_get_keyboard_report
 .text.zmk_hid_get_consumer_report
                0x0000000000027b24        0x8 app/libapp.a(hid.c.obj)
                0x0000000000027b24                zmk_hid_get_consumer_report
 .text.get_selected_instance
                0x0000000000027b2c       0x34 app/libapp.a(endpoints.c.obj)
 .text.send_keyboard_report
                0x0000000000027b60       0x18 app/libapp.a(endpoints.c.obj)
 .text.send_consumer_report
                0x0000000000027b78       0x18 app/libapp.a(endpoints.c.obj)
 .text.endpoints_save_preferred_work
                0x0000000000027b90       0x14 app/libapp.a(endpoints.c.obj)
 .text.zmk_endpoints_init
                0x0000000000027ba4       0x30 app/libapp.a(endpoints.c.obj)
 .text.endpoint_settings_set
                0x0000000000027bd4       0x88 app/libapp.a(endpoints.c.obj)
 .text.zmk_endpoint_instance_to_str
                0x0000000000027c5c       0x48 app/libapp.a(endpoints.c.obj)
                0x0000000000027c5c                zmk_endpoint_instance_to_str
 .text.update_current_endpoint
                0x0000000000027ca4       0x48 app/libapp.a(endpoints.c.obj)
 .text.raise_zmk_endpoint_changed
                0x0000000000027cec       0x2c app/libapp.a(endpoint_changed.c.obj)
                0x0000000000027cec                raise_zmk_endpoint_changed
 .text.set_layer_state
                0x0000000000027d18       0x78 app/libapp.a(keymap.c.obj)
 .text.zmk_keymap_position_state_changed
                0x0000000000027d90       0x48 app/libapp.a(keymap.c.obj)
                0x0000000000027d90                zmk_keymap_position_state_changed
 .text.raise_zmk_layer_state_changed
                0x0000000000027dd8       0x2c app/libapp.a(layer_state_changed.c.obj)
                0x0000000000027dd8                raise_zmk_layer_state_changed
 .text.raise_zmk_keycode_state_changed
                0x0000000000027e04       0x38 app/libapp.a(keycode_state_changed.c.obj)
                0x0000000000027e04                raise_zmk_keycode_state_changed
 .text.as_zmk_keycode_state_changed
                0x0000000000027e3c       0x14 app/libapp.a(keycode_state_changed.c.obj)
                0x0000000000027e3c                as_zmk_keycode_state_changed
 .text.zmk_usb_init
                0x0000000000027e50       0x18 app/libapp.a(usb.c.obj)
 .text.zmk_usb_get_status
                0x0000000000027e68        0xc app/libapp.a(usb.c.obj)
                0x0000000000027e68                zmk_usb_get_status
 .text.zmk_usb_get_conn_state
                0x0000000000027e74       0x28 app/libapp.a(usb.c.obj)
                0x0000000000027e74                zmk_usb_get_conn_state
 .text.usb_status_cb
                0x0000000000027e9c       0x40 app/libapp.a(usb.c.obj)
                0x0000000000027e9c                usb_status_cb
 .text.zmk_usb_is_hid_ready
                0x0000000000027edc       0x1c app/libapp.a(usb.c.obj)
                0x0000000000027edc                zmk_usb_is_hid_ready
 .text.zmk_usb_hid_init
                0x0000000000027ef8       0x38 app/libapp.a(usb_hid.c.obj)
 .text.zmk_usb_hid_send_report
                0x0000000000027f30       0x5c app/libapp.a(usb_hid.c.obj)
 .text.in_ready_cb
                0x0000000000027f8c        0xc app/libapp.a(usb_hid.c.obj)
 .text.crc8_ccitt
                0x0000000000027f98       0x2c zephyr/libzephyr.a(crc8_sw.c.obj)
                0x0000000000027f98                crc8_ccitt
 .text.char_out
                0x0000000000027fc4        0xc zephyr/libzephyr.a(printk.c.obj)
 .text.__printk_hook_install
                0x0000000000027fd0        0xc zephyr/libzephyr.a(printk.c.obj)
                0x0000000000027fd0                __printk_hook_install
 .text.vprintk  0x0000000000027fdc       0x30 zephyr/libzephyr.a(printk.c.obj)
                0x0000000000027fdc                vprintk
 .text.z_thread_entry
                0x000000000002800c       0x34 zephyr/libzephyr.a(thread_entry.c.obj)
                0x000000000002800c                z_thread_entry
 .text.sys_reboot
                0x0000000000028040       0x2c zephyr/libzephyr.a(reboot.c.obj)
                0x0000000000028040                sys_reboot
 .text.process_event
                0x000000000002806c      0x21c zephyr/libzephyr.a(onoff.c.obj)
 .text.nvs_recover_last_ate
                0x0000000000028288       0x64 zephyr/libzephyr.a(nvs.c.obj)
 .text.nvs_sector_close
                0x00000000000282ec       0x58 zephyr/libzephyr.a(nvs.c.obj)
 .text.nvs_mount
                0x0000000000028344      0x2c0 zephyr/libzephyr.a(nvs.c.obj)
                0x0000000000028344                nvs_mount
 .text.mem_attr_get_regions
                0x0000000000028604        0xc zephyr/libzephyr.a(mem_attr.c.obj)
                0x0000000000028604                mem_attr_get_regions
 .text.flash_area_open
                0x0000000000028610       0x4c zephyr/libzephyr.a(flash_map.c.obj)
                0x0000000000028610                flash_area_open
 .text.flash_area_sectors
                0x000000000002865c       0x34 zephyr/libzephyr.a(flash_map_layout.c.obj)
                0x000000000002865c                flash_area_sectors
 .text.class_handler
                0x0000000000028690       0x40 zephyr/libzephyr.a(usb_device.c.obj)
 .text.custom_handler
                0x00000000000286d0       0x60 zephyr/libzephyr.a(usb_device.c.obj)
 .text.vendor_handler
                0x0000000000028730       0x3c zephyr/libzephyr.a(usb_device.c.obj)
 .text.disable_endpoint
                0x000000000002876c       0x2c zephyr/libzephyr.a(usb_device.c.obj)
 .text.usb_reset_alt_setting
                0x0000000000028798       0x10 zephyr/libzephyr.a(usb_device.c.obj)
 .text.is_ep_valid.part.0
                0x00000000000287a8       0x38 zephyr/libzephyr.a(usb_device.c.obj)
 .text.usb_handle_request.constprop.0
                0x00000000000287e0       0x2c zephyr/libzephyr.a(usb_device.c.obj)
 .text.forward_status_cb
                0x000000000002880c       0xac zephyr/libzephyr.a(usb_device.c.obj)
 .text.usb_halt_endpoint_req.isra.0
                0x00000000000288b8       0x50 zephyr/libzephyr.a(usb_device.c.obj)
 .text.set_endpoint
                0x0000000000028908       0x84 zephyr/libzephyr.a(usb_device.c.obj)
 .text.usb_handle_standard_request
                0x000000000002898c      0x2ec zephyr/libzephyr.a(usb_device.c.obj)
 .text.usb_data_to_host
                0x0000000000028c78       0x60 zephyr/libzephyr.a(usb_device.c.obj)
 .text.usb_handle_control_transfer
                0x0000000000028cd8       0xdc zephyr/libzephyr.a(usb_device.c.obj)
 .text.usb_wakeup_request
                0x0000000000028db4       0x18 zephyr/libzephyr.a(usb_device.c.obj)
                0x0000000000028db4                usb_wakeup_request
 .text.usb_set_config
                0x0000000000028dcc       0x2c zephyr/libzephyr.a(usb_device.c.obj)
                0x0000000000028dcc                usb_set_config
 .text.usb_enable
                0x0000000000028df8      0x13c zephyr/libzephyr.a(usb_device.c.obj)
                0x0000000000028df8                usb_enable
 .text.usb_update_sn_string_descriptor
                0x0000000000028f34       0x88 zephyr/libzephyr.a(usb_descriptor.c.obj)
                0x0000000000028f34                usb_update_sn_string_descriptor
 .text.usb_get_device_descriptor
                0x0000000000028fbc      0x1e4 zephyr/libzephyr.a(usb_descriptor.c.obj)
                0x0000000000028fbc                usb_get_device_descriptor
 .text.usb_ep_get_transfer
                0x00000000000291a0       0x2c zephyr/libzephyr.a(usb_transfer.c.obj)
 .text.usb_transfer_work
                0x00000000000291cc      0x100 zephyr/libzephyr.a(usb_transfer.c.obj)
 .text.usb_transfer_ep_callback
                0x00000000000292cc       0x5c zephyr/libzephyr.a(usb_transfer.c.obj)
                0x00000000000292cc                usb_transfer_ep_callback
 .text.usb_transfer
                0x0000000000029328       0xe0 zephyr/libzephyr.a(usb_transfer.c.obj)
                0x0000000000029328                usb_transfer
 .text.usb_cancel_transfer
                0x0000000000029408       0x3c zephyr/libzephyr.a(usb_transfer.c.obj)
                0x0000000000029408                usb_cancel_transfer
 .text.usb_cancel_transfers
                0x0000000000029444       0x44 zephyr/libzephyr.a(usb_transfer.c.obj)
                0x0000000000029444                usb_cancel_transfers
 .text.usb_transfer_init
                0x0000000000029488       0x34 zephyr/libzephyr.a(usb_transfer.c.obj)
                0x0000000000029488                usb_transfer_init
 .text.cdc_acm_irq_rx_enable
                0x00000000000294bc       0x20 zephyr/libzephyr.a(cdc_acm.c.obj)
 .text.cdc_acm_irq_tx_enable
                0x00000000000294dc       0x20 zephyr/libzephyr.a(cdc_acm.c.obj)
 .text.cdc_acm_fifo_fill
                0x00000000000294fc       0x3c zephyr/libzephyr.a(cdc_acm.c.obj)
 .text.cdc_acm_write_cb
                0x0000000000029538       0x54 zephyr/libzephyr.a(cdc_acm.c.obj)
 .text.cdc_acm_class_handle_req
                0x000000000002958c       0x64 zephyr/libzephyr.a(cdc_acm.c.obj)
                0x000000000002958c                cdc_acm_class_handle_req
 .text.cdc_acm_int_in
                0x00000000000295f0       0x18 zephyr/libzephyr.a(cdc_acm.c.obj)
 .text.cdc_acm_reset_port
                0x0000000000029608       0x3c zephyr/libzephyr.a(cdc_acm.c.obj)
 .text.cdc_acm_init
                0x0000000000029644       0x48 zephyr/libzephyr.a(cdc_acm.c.obj)
 .text.cdc_acm_poll_out
                0x000000000002968c       0x70 zephyr/libzephyr.a(cdc_acm.c.obj)
 .text.tx_work_handler
                0x00000000000296fc       0x78 zephyr/libzephyr.a(cdc_acm.c.obj)
 .text.cdc_acm_read_cb
                0x0000000000029774       0x74 zephyr/libzephyr.a(cdc_acm.c.obj)
 .text.cdc_acm_dev_status_cb
                0x00000000000297e8       0x84 zephyr/libzephyr.a(cdc_acm.c.obj)
 .text.z_usb_work_q_init
                0x000000000002986c       0x34 zephyr/libzephyr.a(usb_work_q.c.obj)
 .text.settings_save_one
                0x00000000000298a0       0x4c zephyr/libzephyr.a(settings_store.c.obj)
                0x00000000000298a0                settings_save_one
 .text.settings_src_register
                0x00000000000298ec       0x1c zephyr/libzephyr.a(settings_store.c.obj)
                0x00000000000298ec                settings_src_register
 .text.settings_dst_register
                0x0000000000029908        0xc zephyr/libzephyr.a(settings_store.c.obj)
                0x0000000000029908                settings_dst_register
 .text.settings_load_subtree
                0x0000000000029914       0x4c zephyr/libzephyr.a(settings_store.c.obj)
                0x0000000000029914                settings_load_subtree
 .text.settings_store_init
                0x0000000000029960       0x10 zephyr/libzephyr.a(settings_store.c.obj)
                0x0000000000029960                settings_store_init
 .text.settings_init
                0x0000000000029970       0x10 zephyr/libzephyr.a(settings.c.obj)
                0x0000000000029970                settings_init
 .text.settings_parse_and_lookup
                0x0000000000029980       0x98 zephyr/libzephyr.a(settings.c.obj)
                0x0000000000029980                settings_parse_and_lookup
 .text.settings_commit_subtree
                0x0000000000029a18       0xc0 zephyr/libzephyr.a(settings.c.obj)
                0x0000000000029a18                settings_commit_subtree
 .text.settings_subsys_init
                0x0000000000029ad8       0x3c zephyr/libzephyr.a(settings_init.c.obj)
                0x0000000000029ad8                settings_subsys_init
 .text.settings_nvs_load
                0x0000000000029b14       0xbc zephyr/libzephyr.a(settings_nvs.c.obj)
 .text.settings_backend_init
                0x0000000000029bd0       0x84 zephyr/libzephyr.a(settings_nvs.c.obj)
                0x0000000000029bd0                settings_backend_init
 .text.z_SysNmiOnReset
                0x0000000000029c54        0x8 zephyr/arch/arch/arm/core/libarch__arm__core.a(nmi_on_reset.S.obj)
                0x0000000000029c54                z_SysNmiOnReset
 .text.arch_tls_stack_setup
                0x0000000000029c5c       0x40 zephyr/arch/arch/arm/core/libarch__arm__core.a(tls.c.obj)
                0x0000000000029c5c                arch_tls_stack_setup
 .text._HandlerModeExit
                0x0000000000029c9c       0x20 zephyr/arch/arch/arm/core/cortex_m/libarch__arm__core__cortex_m.a(exc_exit.c.obj)
                0x0000000000029c9c                z_arm_exc_exit
                0x0000000000029c9c                z_arm_int_exit
 .text.mem_manage_fault
                0x0000000000029cbc       0xa0 zephyr/arch/arch/arm/core/cortex_m/libarch__arm__core__cortex_m.a(fault.c.obj)
 .text.usage_fault.constprop.0
                0x0000000000029d5c       0x54 zephyr/arch/arch/arm/core/cortex_m/libarch__arm__core__cortex_m.a(fault.c.obj)
 .text.bus_fault.constprop.0
                0x0000000000029db0       0x6c zephyr/arch/arch/arm/core/cortex_m/libarch__arm__core__cortex_m.a(fault.c.obj)
 .text.z_arm_fault
                0x0000000000029e1c      0x11c zephyr/arch/arch/arm/core/cortex_m/libarch__arm__core__cortex_m.a(fault.c.obj)
                0x0000000000029e1c                z_arm_fault
 .text.z_arm_fault_init
                0x0000000000029f38       0x18 zephyr/arch/arch/arm/core/cortex_m/libarch__arm__core__cortex_m.a(fault.c.obj)
                0x0000000000029f38                z_arm_fault_init
 .text.__fault  0x0000000000029f50       0x14 zephyr/arch/arch/arm/core/cortex_m/libarch__arm__core__cortex_m.a(fault_s.S.obj)
                0x0000000000029f50                z_arm_bus_fault
                0x0000000000029f50                z_arm_usage_fault
                0x0000000000029f50                z_arm_mpu_fault
                0x0000000000029f50                z_arm_exc_spurious
                0x0000000000029f50                z_arm_debug_monitor
                0x0000000000029f50                z_arm_hard_fault
 .text._reset_section
                0x0000000000029f64       0x30 zephyr/arch/arch/arm/core/cortex_m/libarch__arm__core__cortex_m.a(reset.S.obj)
                0x0000000000029f64                z_arm_reset
                0x0000000000029f64                __start
 .text.sys_arch_reboot
                0x0000000000029f94       0x24 zephyr/arch/arch/arm/core/cortex_m/libarch__arm__core__cortex_m.a(scb.c.obj)
                0x0000000000029f94                sys_arch_reboot
 .text.z_impl_k_thread_abort
                0x0000000000029fb8       0x2c zephyr/arch/arch/arm/core/cortex_m/libarch__arm__core__cortex_m.a(thread_abort.c.obj)
                0x0000000000029fb8                z_impl_k_thread_abort
 .text.z_arm_pendsv
                0x0000000000029fe4       0x9c zephyr/arch/arch/arm/core/cortex_m/libarch__arm__core__cortex_m.a(swap_helper.S.obj)
                0x0000000000029fe4                z_arm_pendsv
 .text.z_arm_svc
                0x000000000002a080       0x24 zephyr/arch/arch/arm/core/cortex_m/libarch__arm__core__cortex_m.a(swap_helper.S.obj)
                0x000000000002a080                z_arm_svc
 .text.arch_irq_enable
                0x000000000002a0a4       0x1c zephyr/arch/arch/arm/core/cortex_m/libarch__arm__core__cortex_m.a(irq_manage.c.obj)
                0x000000000002a0a4                arch_irq_enable
 .text.arch_irq_disable
                0x000000000002a0c0       0x28 zephyr/arch/arch/arm/core/cortex_m/libarch__arm__core__cortex_m.a(irq_manage.c.obj)
                0x000000000002a0c0                arch_irq_disable
 .text.arch_irq_is_enabled
                0x000000000002a0e8       0x1c zephyr/arch/arch/arm/core/cortex_m/libarch__arm__core__cortex_m.a(irq_manage.c.obj)
                0x000000000002a0e8                arch_irq_is_enabled
 .text.z_arm_irq_priority_set
                0x000000000002a104       0x30 zephyr/arch/arch/arm/core/cortex_m/libarch__arm__core__cortex_m.a(irq_manage.c.obj)
                0x000000000002a104                z_arm_irq_priority_set
 .text.z_prep_c
                0x000000000002a134       0x5c zephyr/arch/arch/arm/core/cortex_m/libarch__arm__core__cortex_m.a(prep_c.c.obj)
                0x000000000002a134                z_prep_c
 .text.arch_new_thread
                0x000000000002a190       0x40 zephyr/arch/arch/arm/core/cortex_m/libarch__arm__core__cortex_m.a(thread.c.obj)
                0x000000000002a190                arch_new_thread
 .text.z_arm_mpu_stack_guard_and_fpu_adjust
                0x000000000002a1d0       0x54 zephyr/arch/arch/arm/core/cortex_m/libarch__arm__core__cortex_m.a(thread.c.obj)
                0x000000000002a1d0                z_arm_mpu_stack_guard_and_fpu_adjust
 .text.z_check_thread_stack_fail
                0x000000000002a224       0x2c zephyr/arch/arch/arm/core/cortex_m/libarch__arm__core__cortex_m.a(thread.c.obj)
                0x000000000002a224                z_check_thread_stack_fail
 .text.arch_float_disable
                0x000000000002a250       0x48 zephyr/arch/arch/arm/core/cortex_m/libarch__arm__core__cortex_m.a(thread.c.obj)
                0x000000000002a250                arch_float_disable
 .text.arch_switch_to_main_thread
                0x000000000002a298       0x58 zephyr/arch/arch/arm/core/cortex_m/libarch__arm__core__cortex_m.a(thread.c.obj)
                0x000000000002a298                arch_switch_to_main_thread
 .text.z_arm_cpu_idle_init
                0x000000000002a2f0        0xc zephyr/arch/arch/arm/core/cortex_m/libarch__arm__core__cortex_m.a(cpu_idle.c.obj)
                0x000000000002a2f0                z_arm_cpu_idle_init
 .text.z_arm_interrupt_init
                0x000000000002a2fc       0x18 zephyr/arch/arch/arm/core/cortex_m/libarch__arm__core__cortex_m.a(irq_init.c.obj)
                0x000000000002a2fc                z_arm_interrupt_init
 .text._isr_wrapper
                0x000000000002a314       0x24 zephyr/arch/arch/arm/core/cortex_m/libarch__arm__core__cortex_m.a(isr_wrapper.c.obj)
                0x000000000002a314                _isr_wrapper
 .text.z_arm_configure_static_mpu_regions
                0x000000000002a338       0x18 zephyr/arch/arch/arm/core/mpu/libarch__arm__core__mpu.a(arm_core_mpu.c.obj)
                0x000000000002a338                z_arm_configure_static_mpu_regions
 .text.z_arm_configure_dynamic_mpu_regions
                0x000000000002a350       0x2c zephyr/arch/arch/arm/core/mpu/libarch__arm__core__mpu.a(arm_core_mpu.c.obj)
                0x000000000002a350                z_arm_configure_dynamic_mpu_regions
 .text.region_init
                0x000000000002a37c       0x28 zephyr/arch/arch/arm/core/mpu/libarch__arm__core__mpu.a(arm_mpu.c.obj)
 .text.mpu_configure_regions
                0x000000000002a3a4       0x6c zephyr/arch/arch/arm/core/mpu/libarch__arm__core__mpu.a(arm_mpu.c.obj)
 .text.arm_core_mpu_enable
                0x000000000002a410       0x18 zephyr/arch/arch/arm/core/mpu/libarch__arm__core__mpu.a(arm_mpu.c.obj)
                0x000000000002a410                arm_core_mpu_enable
 .text.arm_core_mpu_disable
                0x000000000002a428       0x14 zephyr/arch/arch/arm/core/mpu/libarch__arm__core__mpu.a(arm_mpu.c.obj)
                0x000000000002a428                arm_core_mpu_disable
 .text.arm_core_mpu_configure_static_mpu_regions
                0x000000000002a43c       0x14 zephyr/arch/arch/arm/core/mpu/libarch__arm__core__mpu.a(arm_mpu.c.obj)
                0x000000000002a43c                arm_core_mpu_configure_static_mpu_regions
 .text.arm_core_mpu_configure_dynamic_mpu_regions
                0x000000000002a450       0x38 zephyr/arch/arch/arm/core/mpu/libarch__arm__core__mpu.a(arm_mpu.c.obj)
                0x000000000002a450                arm_core_mpu_configure_dynamic_mpu_regions
 .text.z_arm_mpu_init
                0x000000000002a488      0x168 zephyr/arch/arch/arm/core/mpu/libarch__arm__core__mpu.a(arm_mpu.c.obj)
                0x000000000002a488                z_arm_mpu_init
 .text._exit    0x000000000002a5f0       0x10 zephyr/lib/libc/picolibc/liblib__libc__picolibc.a(exit.c.obj)
                0x000000000002a5f0                _exit
 .text.z_impl_zephyr_fputc
                0x000000000002a600       0x10 zephyr/lib/libc/picolibc/liblib__libc__picolibc.a(stdio.c.obj)
                0x000000000002a600                z_impl_zephyr_fputc
 .text.__stdout_hook_install
                0x000000000002a610       0x18 zephyr/lib/libc/picolibc/liblib__libc__picolibc.a(stdio.c.obj)
                0x000000000002a610                __stdout_hook_install
 .text.malloc_prepare
                0x000000000002a628       0x24 zephyr/lib/libc/common/liblib__libc__common.a(malloc.c.obj)
 .text.nordicsemi_nrf52_init
                0x000000000002a64c       0x44 zephyr/soc/soc/nrf52840/libsoc__nordic.a(soc.c.obj)
 .text.arch_busy_wait
                0x000000000002a690       0x14 zephyr/soc/soc/nrf52840/libsoc__nordic.a(soc.c.obj)
                0x000000000002a690                arch_busy_wait
 .text.hid_int_in
                0x000000000002a6a4       0x2c zephyr/subsys/usb/device/class/hid/libsubsys__usb__device__class__hid.a(core.c.obj)
 .text.hid_custom_handle_req
                0x000000000002a6d0       0x78 zephyr/subsys/usb/device/class/hid/libsubsys__usb__device__class__hid.a(core.c.obj)
 .text.hid_class_handle_req
                0x000000000002a748       0x60 zephyr/subsys/usb/device/class/hid/libsubsys__usb__device__class__hid.a(core.c.obj)
 .text.hid_status_cb
                0x000000000002a7a8       0x48 zephyr/subsys/usb/device/class/hid/libsubsys__usb__device__class__hid.a(core.c.obj)
 .text.usb_hid_register_device
                0x000000000002a7f0       0x2c zephyr/subsys/usb/device/class/hid/libsubsys__usb__device__class__hid.a(core.c.obj)
                0x000000000002a7f0                usb_hid_register_device
 .text.retention_lock_take.isra.0
                0x000000000002a81c       0x1c zephyr/subsys/retention/libsubsys__retention.a(retention.c.obj)
 .text.retention_lock_release.isra.0
                0x000000000002a838       0x14 zephyr/subsys/retention/libsubsys__retention.a(retention.c.obj)
 .text.bootmode_set
                0x000000000002a84c       0x20 zephyr/subsys/retention/libsubsys__retention.a(bootmode.c.obj)
                0x000000000002a84c                bootmode_set
 .text.endpoint_ctx
                0x000000000002a86c       0x60 zephyr/drivers/usb/device/libdrivers__usb__device.a(usb_dc_nrfx.c.obj)
 .text.usbd_work_schedule
                0x000000000002a8cc       0x10 zephyr/drivers/usb/device/libdrivers__usb__device.a(usb_dc_nrfx.c.obj)
 .text.usbd_evt_put
                0x000000000002a8dc        0xc zephyr/drivers/usb/device/libdrivers__usb__device.a(usb_dc_nrfx.c.obj)
 .text.usbd_evt_get
                0x000000000002a8e8       0x10 zephyr/drivers/usb/device/libdrivers__usb__device.a(usb_dc_nrfx.c.obj)
 .text.usb_init
                0x000000000002a8f8       0x70 zephyr/drivers/usb/device/libdrivers__usb__device.a(usb_dc_nrfx.c.obj)
 .text.hfxo_stop.constprop.0.isra.0
                0x000000000002a968       0x40 zephyr/drivers/usb/device/libdrivers__usb__device.a(usb_dc_nrfx.c.obj)
 .text.eps_ctx_init
                0x000000000002a9a8       0x68 zephyr/drivers/usb/device/libdrivers__usb__device.a(usb_dc_nrfx.c.obj)
 .text.usbd_evt_flush
                0x000000000002aa10       0x1c zephyr/drivers/usb/device/libdrivers__usb__device.a(usb_dc_nrfx.c.obj)
 .text.usbd_evt_alloc
                0x000000000002aa2c       0x44 zephyr/drivers/usb/device/libdrivers__usb__device.a(usb_dc_nrfx.c.obj)
 .text.usb_dc_power_event_handler
                0x000000000002aa70       0x34 zephyr/drivers/usb/device/libdrivers__usb__device.a(usb_dc_nrfx.c.obj)
 .text.usbd_event_transfer_data
                0x000000000002aaa4       0xa8 zephyr/drivers/usb/device/libdrivers__usb__device.a(usb_dc_nrfx.c.obj)
 .text.usbd_event_handler
                0x000000000002ab4c      0x11c zephyr/drivers/usb/device/libdrivers__usb__device.a(usb_dc_nrfx.c.obj)
 .text.usbd_work_handler
                0x000000000002ac68      0x2e0 zephyr/drivers/usb/device/libdrivers__usb__device.a(usb_dc_nrfx.c.obj)
 .text.usb_dc_attach
                0x000000000002af48       0x64 zephyr/drivers/usb/device/libdrivers__usb__device.a(usb_dc_nrfx.c.obj)
                0x000000000002af48                usb_dc_attach
 .text.usb_dc_set_address
                0x000000000002afac       0x24 zephyr/drivers/usb/device/libdrivers__usb__device.a(usb_dc_nrfx.c.obj)
                0x000000000002afac                usb_dc_set_address
 .text.usb_dc_ep_configure
                0x000000000002afd0       0x48 zephyr/drivers/usb/device/libdrivers__usb__device.a(usb_dc_nrfx.c.obj)
                0x000000000002afd0                usb_dc_ep_configure
 .text.usb_dc_ep_set_stall
                0x000000000002b018       0x50 zephyr/drivers/usb/device/libdrivers__usb__device.a(usb_dc_nrfx.c.obj)
                0x000000000002b018                usb_dc_ep_set_stall
 .text.usb_dc_ep_clear_stall
                0x000000000002b068       0x40 zephyr/drivers/usb/device/libdrivers__usb__device.a(usb_dc_nrfx.c.obj)
                0x000000000002b068                usb_dc_ep_clear_stall
 .text.usb_dc_ep_is_stalled
                0x000000000002b0a8       0x38 zephyr/drivers/usb/device/libdrivers__usb__device.a(usb_dc_nrfx.c.obj)
                0x000000000002b0a8                usb_dc_ep_is_stalled
 .text.usb_dc_ep_enable
                0x000000000002b0e0       0x54 zephyr/drivers/usb/device/libdrivers__usb__device.a(usb_dc_nrfx.c.obj)
                0x000000000002b0e0                usb_dc_ep_enable
 .text.usb_dc_ep_write
                0x000000000002b134       0xf8 zephyr/drivers/usb/device/libdrivers__usb__device.a(usb_dc_nrfx.c.obj)
                0x000000000002b134                usb_dc_ep_write
 .text.usb_dc_ep_read_wait
                0x000000000002b22c       0x90 zephyr/drivers/usb/device/libdrivers__usb__device.a(usb_dc_nrfx.c.obj)
                0x000000000002b22c                usb_dc_ep_read_wait
 .text.usb_dc_ep_read_continue
                0x000000000002b2bc       0x84 zephyr/drivers/usb/device/libdrivers__usb__device.a(usb_dc_nrfx.c.obj)
                0x000000000002b2bc                usb_dc_ep_read_continue
 .text.usb_dc_ep_set_callback
                0x000000000002b340       0x28 zephyr/drivers/usb/device/libdrivers__usb__device.a(usb_dc_nrfx.c.obj)
                0x000000000002b340                usb_dc_ep_set_callback
 .text.usb_dc_set_status_callback
                0x000000000002b368        0xc zephyr/drivers/usb/device/libdrivers__usb__device.a(usb_dc_nrfx.c.obj)
                0x000000000002b368                usb_dc_set_status_callback
 .text.usb_dc_ep_mps
                0x000000000002b374       0x24 zephyr/drivers/usb/device/libdrivers__usb__device.a(usb_dc_nrfx.c.obj)
                0x000000000002b374                usb_dc_ep_mps
 .text.nrf52_errata_187
                0x000000000002b398       0x28 zephyr/drivers/usb/common/nrf_usbd_common/libdrivers__usb__common__nrf_usbd_common.a(nrf_usbd_common.c.obj)
 .text.ep_state_access
                0x000000000002b3c0       0x20 zephyr/drivers/usb/common/nrf_usbd_common/libdrivers__usb__common__nrf_usbd_common.a(nrf_usbd_common.c.obj)
 .text.usbd_errata_187_211_begin
                0x000000000002b3e0       0x3c zephyr/drivers/usb/common/nrf_usbd_common/libdrivers__usb__common__nrf_usbd_common.a(nrf_usbd_common.c.obj)
 .text.usbd_errata_187_211_end
                0x000000000002b41c       0x3c zephyr/drivers/usb/common/nrf_usbd_common/libdrivers__usb__common__nrf_usbd_common.a(nrf_usbd_common.c.obj)
 .text.usbd_dma_pending_clear
                0x000000000002b458       0x1c zephyr/drivers/usb/common/nrf_usbd_common/libdrivers__usb__common__nrf_usbd_common.a(nrf_usbd_common.c.obj)
 .text.nrf_usbd_common_uninit
                0x000000000002b474       0x14 zephyr/drivers/usb/common/nrf_usbd_common/libdrivers__usb__common__nrf_usbd_common.a(nrf_usbd_common.c.obj)
                0x000000000002b474                nrf_usbd_common_uninit
 .text.nrf_usbd_common_enable
                0x000000000002b488      0x148 zephyr/drivers/usb/common/nrf_usbd_common/libdrivers__usb__common__nrf_usbd_common.a(nrf_usbd_common.c.obj)
                0x000000000002b488                nrf_usbd_common_enable
 .text.nrf_usbd_common_start
                0x000000000002b5d0       0x38 zephyr/drivers/usb/common/nrf_usbd_common/libdrivers__usb__common__nrf_usbd_common.a(nrf_usbd_common.c.obj)
                0x000000000002b5d0                nrf_usbd_common_start
 .text.nrf_usbd_common_is_enabled
                0x000000000002b608       0x14 zephyr/drivers/usb/common/nrf_usbd_common/libdrivers__usb__common__nrf_usbd_common.a(nrf_usbd_common.c.obj)
                0x000000000002b608                nrf_usbd_common_is_enabled
 .text.nrf_usbd_common_suspend
                0x000000000002b61c       0x6c zephyr/drivers/usb/common/nrf_usbd_common/libdrivers__usb__common__nrf_usbd_common.a(nrf_usbd_common.c.obj)
                0x000000000002b61c                nrf_usbd_common_suspend
 .text.nrf_usbd_common_wakeup_req
                0x000000000002b688       0x70 zephyr/drivers/usb/common/nrf_usbd_common/libdrivers__usb__common__nrf_usbd_common.a(nrf_usbd_common.c.obj)
                0x000000000002b688                nrf_usbd_common_wakeup_req
 .text.nrf_usbd_common_init
                0x000000000002b6f8       0x84 zephyr/drivers/usb/common/nrf_usbd_common/libdrivers__usb__common__nrf_usbd_common.a(nrf_usbd_common.c.obj)
                0x000000000002b6f8                nrf_usbd_common_init
 .text.nrf_usbd_common_ep_enable_check
                0x000000000002b77c       0x28 zephyr/drivers/usb/common/nrf_usbd_common/libdrivers__usb__common__nrf_usbd_common.a(nrf_usbd_common.c.obj)
                0x000000000002b77c                nrf_usbd_common_ep_enable_check
 .text.nrf_usbd_common_ep_transfer
                0x000000000002b7a4       0x98 zephyr/drivers/usb/common/nrf_usbd_common/libdrivers__usb__common__nrf_usbd_common.a(nrf_usbd_common.c.obj)
                0x000000000002b7a4                nrf_usbd_common_ep_transfer
 .text.nrf_usbd_common_epout_size_get
                0x000000000002b83c       0x28 zephyr/drivers/usb/common/nrf_usbd_common/libdrivers__usb__common__nrf_usbd_common.a(nrf_usbd_common.c.obj)
                0x000000000002b83c                nrf_usbd_common_epout_size_get
 .text.nrf_usbd_common_irq_handler
                0x000000000002b864      0x494 zephyr/drivers/usb/common/nrf_usbd_common/libdrivers__usb__common__nrf_usbd_common.a(nrf_usbd_common.c.obj)
                0x000000000002b864                nrf_usbd_common_irq_handler
 .text.nrf_usbd_common_ep_stall
                0x000000000002bcf8       0x10 zephyr/drivers/usb/common/nrf_usbd_common/libdrivers__usb__common__nrf_usbd_common.a(nrf_usbd_common.c.obj)
                0x000000000002bcf8                nrf_usbd_common_ep_stall
 .text.nrf_usbd_common_ep_stall_check
                0x000000000002bd08       0x34 zephyr/drivers/usb/common/nrf_usbd_common/libdrivers__usb__common__nrf_usbd_common.a(nrf_usbd_common.c.obj)
                0x000000000002bd08                nrf_usbd_common_ep_stall_check
 .text.nrf_usbd_common_ep_dtoggle_clear
                0x000000000002bd3c       0x14 zephyr/drivers/usb/common/nrf_usbd_common/libdrivers__usb__common__nrf_usbd_common.a(nrf_usbd_common.c.obj)
                0x000000000002bd3c                nrf_usbd_common_ep_dtoggle_clear
 .text.nrf_usbd_common_setup_get
                0x000000000002bd50       0x44 zephyr/drivers/usb/common/nrf_usbd_common/libdrivers__usb__common__nrf_usbd_common.a(nrf_usbd_common.c.obj)
                0x000000000002bd50                nrf_usbd_common_setup_get
 .text.nrf_usbd_common_setup_data_clear
                0x000000000002bd94        0xc zephyr/drivers/usb/common/nrf_usbd_common/libdrivers__usb__common__nrf_usbd_common.a(nrf_usbd_common.c.obj)
                0x000000000002bd94                nrf_usbd_common_setup_data_clear
 .text.nrf_usbd_common_setup_clear
                0x000000000002bda0        0xc zephyr/drivers/usb/common/nrf_usbd_common/libdrivers__usb__common__nrf_usbd_common.a(nrf_usbd_common.c.obj)
                0x000000000002bda0                nrf_usbd_common_setup_clear
 .text.nrf_usbd_common_setup_stall
                0x000000000002bdac        0xc zephyr/drivers/usb/common/nrf_usbd_common/libdrivers__usb__common__nrf_usbd_common.a(nrf_usbd_common.c.obj)
                0x000000000002bdac                nrf_usbd_common_setup_stall
 .text.nrf_usbd_common_last_setup_dir_get
                0x000000000002bdb8        0xc zephyr/drivers/usb/common/nrf_usbd_common/libdrivers__usb__common__nrf_usbd_common.a(nrf_usbd_common.c.obj)
                0x000000000002bdb8                nrf_usbd_common_last_setup_dir_get
 .text.nrf_usbd_common_transfer_out_drop
                0x000000000002bdc4       0x4c zephyr/drivers/usb/common/nrf_usbd_common/libdrivers__usb__common__nrf_usbd_common.a(nrf_usbd_common.c.obj)
                0x000000000002bdc4                nrf_usbd_common_transfer_out_drop
 .text.usbd_ep_abort
                0x000000000002be10       0xf0 zephyr/drivers/usb/common/nrf_usbd_common/libdrivers__usb__common__nrf_usbd_common.a(nrf_usbd_common.c.obj)
 .text.nrf_usbd_common_ep_abort
                0x000000000002bf00       0x34 zephyr/drivers/usb/common/nrf_usbd_common/libdrivers__usb__common__nrf_usbd_common.a(nrf_usbd_common.c.obj)
                0x000000000002bf00                nrf_usbd_common_ep_abort
 .text.nrf_usbd_common_disable
                0x000000000002bf34       0xd4 zephyr/drivers/usb/common/nrf_usbd_common/libdrivers__usb__common__nrf_usbd_common.a(nrf_usbd_common.c.obj)
                0x000000000002bf34                nrf_usbd_common_disable
 .text.nrf_usbd_common_ep_disable
                0x000000000002c008       0x60 zephyr/drivers/usb/common/nrf_usbd_common/libdrivers__usb__common__nrf_usbd_common.a(nrf_usbd_common.c.obj)
                0x000000000002c008                nrf_usbd_common_ep_disable
 .text.nrf_usbd_common_ep_enable
                0x000000000002c068       0x70 zephyr/drivers/usb/common/nrf_usbd_common/libdrivers__usb__common__nrf_usbd_common.a(nrf_usbd_common.c.obj)
                0x000000000002c068                nrf_usbd_common_ep_enable
 .text.nrf_usbd_common_ep_stall_clear
                0x000000000002c0d8       0x20 zephyr/drivers/usb/common/nrf_usbd_common/libdrivers__usb__common__nrf_usbd_common.a(nrf_usbd_common.c.obj)
                0x000000000002c0d8                nrf_usbd_common_ep_stall_clear
 .text.onoff_stop
                0x000000000002c0f8       0x30 zephyr/drivers/clock_control/libdrivers__clock_control.a(clock_control_nrf.c.obj)
 .text.onoff_start
                0x000000000002c128       0x44 zephyr/drivers/clock_control/libdrivers__clock_control.a(clock_control_nrf.c.obj)
 .text.generic_hfclk_stop
                0x000000000002c16c       0x34 zephyr/drivers/clock_control/libdrivers__clock_control.a(clock_control_nrf.c.obj)
 .text.clk_init
                0x000000000002c1a0       0x58 zephyr/drivers/clock_control/libdrivers__clock_control.a(clock_control_nrf.c.obj)
 .text.api_blocking_start
                0x000000000002c1f8       0x34 zephyr/drivers/clock_control/libdrivers__clock_control.a(clock_control_nrf.c.obj)
 .text.clkstarted_handle.constprop.0
                0x000000000002c22c       0x4c zephyr/drivers/clock_control/libdrivers__clock_control.a(clock_control_nrf.c.obj)
 .text.generic_hfclk_start
                0x000000000002c278       0x7c zephyr/drivers/clock_control/libdrivers__clock_control.a(clock_control_nrf.c.obj)
 .text.clock_event_handler
                0x000000000002c2f4       0x1c zephyr/drivers/clock_control/libdrivers__clock_control.a(clock_control_nrf.c.obj)
 .text.z_nrf_clock_control_get_onoff
                0x000000000002c310       0x10 zephyr/drivers/clock_control/libdrivers__clock_control.a(clock_control_nrf.c.obj)
                0x000000000002c310                z_nrf_clock_control_get_onoff
 .text.z_nrf_clock_control_lf_on
                0x000000000002c320       0xfc zephyr/drivers/clock_control/libdrivers__clock_control.a(clock_control_nrf.c.obj)
                0x000000000002c320                z_nrf_clock_control_lf_on
 .text.uart_console_init
                0x000000000002c41c       0x28 zephyr/drivers/console/libdrivers__console.a(uart_console.c.obj)
 .text.console_out
                0x000000000002c444       0x28 zephyr/drivers/console/libdrivers__console.a(uart_console.c.obj)
 .text.qspi_get_zephyr_ret_code
                0x000000000002c46c       0x1c zephyr/drivers/flash/libdrivers__flash.a(nrf_qspi_nor.c.obj)
 .text.qspi_nor_pages_layout
                0x000000000002c488       0x10 zephyr/drivers/flash/libdrivers__flash.a(nrf_qspi_nor.c.obj)
 .text.qspi_flash_get_parameters
                0x000000000002c498        0x8 zephyr/drivers/flash/libdrivers__flash.a(nrf_qspi_nor.c.obj)
 .text.nrf_qspi_pins_set.constprop.0
                0x000000000002c4a0       0x5c zephyr/drivers/flash/libdrivers__flash.a(nrf_qspi_nor.c.obj)
 .text.qspi_wait_for_completion.isra.0
                0x000000000002c4fc       0x1c zephyr/drivers/flash/libdrivers__flash.a(nrf_qspi_nor.c.obj)
 .text.qspi_nor_init
                0x000000000002c518      0x1b4 zephyr/drivers/flash/libdrivers__flash.a(nrf_qspi_nor.c.obj)
 .text.qspi_nor_write
                0x000000000002c6cc      0x110 zephyr/drivers/flash/libdrivers__flash.a(nrf_qspi_nor.c.obj)
 .text.qspi_nor_read
                0x000000000002c7dc      0x13c zephyr/drivers/flash/libdrivers__flash.a(nrf_qspi_nor.c.obj)
 .text.qspi_nor_erase
                0x000000000002c918      0x100 zephyr/drivers/flash/libdrivers__flash.a(nrf_qspi_nor.c.obj)
 .text.flash_nrf_pages_layout
                0x000000000002ca18       0x10 zephyr/drivers/flash/libdrivers__flash.a(soc_flash_nrf.c.obj)
 .text.flash_nrf_get_parameters
                0x000000000002ca28        0x8 zephyr/drivers/flash/libdrivers__flash.a(soc_flash_nrf.c.obj)
 .text.nrf_flash_init
                0x000000000002ca30       0x28 zephyr/drivers/flash/libdrivers__flash.a(soc_flash_nrf.c.obj)
 .text.restore_pofwarn.part.0
                0x000000000002ca58       0x2c zephyr/drivers/flash/libdrivers__flash.a(soc_flash_nrf.c.obj)
 .text.suspend_pofwarn
                0x000000000002ca84       0x58 zephyr/drivers/flash/libdrivers__flash.a(soc_flash_nrf.c.obj)
 .text.flash_nrf_erase
                0x000000000002cadc       0x88 zephyr/drivers/flash/libdrivers__flash.a(soc_flash_nrf.c.obj)
 .text.flash_nrf_write
                0x000000000002cb64       0x8c zephyr/drivers/flash/libdrivers__flash.a(soc_flash_nrf.c.obj)
 .text.gpio_nrfx_pin_interrupt_configure
                0x000000000002cbf0      0x100 zephyr/drivers/gpio/libdrivers__gpio.a(gpio_nrfx.c.obj)
 .text.gpio_nrfx_init
                0x000000000002ccf0       0x48 zephyr/drivers/gpio/libdrivers__gpio.a(gpio_nrfx.c.obj)
 .text.nrfx_gpio_handler
                0x000000000002cd38       0x4c zephyr/drivers/gpio/libdrivers__gpio.a(gpio_nrfx.c.obj)
 .text.gpio_nrfx_pin_configure
                0x000000000002cd84      0x18c zephyr/drivers/gpio/libdrivers__gpio.a(gpio_nrfx.c.obj)
 .text.kscan_mock_init_0
                0x000000000002cf10       0x18 zephyr/drivers/kscan/libdrivers__kscan.a(kscan_mock.c.obj)
 .text.nrf_gpio_pin_port_decode
                0x000000000002cf28       0x20 zephyr/drivers/pinctrl/libdrivers__pinctrl.a(pinctrl_nrf.c.obj)
 .text.pinctrl_configure_pins
                0x000000000002cf48      0x190 zephyr/drivers/pinctrl/libdrivers__pinctrl.a(pinctrl_nrf.c.obj)
                0x000000000002cf48                pinctrl_configure_pins
 .text.compare_int_lock
                0x000000000002d0d8       0x48 zephyr/drivers/timer/libdrivers__timer.a(nrf_rtc_timer.c.obj)
 .text.sys_clock_timeout_handler
                0x000000000002d120       0x48 zephyr/drivers/timer/libdrivers__timer.a(nrf_rtc_timer.c.obj)
 .text.compare_int_unlock
                0x000000000002d168       0x5c zephyr/drivers/timer/libdrivers__timer.a(nrf_rtc_timer.c.obj)
 .text.z_nrf_rtc_timer_read
                0x000000000002d1c4       0x44 zephyr/drivers/timer/libdrivers__timer.a(nrf_rtc_timer.c.obj)
                0x000000000002d1c4                z_nrf_rtc_timer_read
 .text.compare_set
                0x000000000002d208      0x130 zephyr/drivers/timer/libdrivers__timer.a(nrf_rtc_timer.c.obj)
 .text.sys_clock_driver_init
                0x000000000002d338       0x90 zephyr/drivers/timer/libdrivers__timer.a(nrf_rtc_timer.c.obj)
 .text.rtc_nrf_isr
                0x000000000002d3c8       0xd4 zephyr/drivers/timer/libdrivers__timer.a(nrf_rtc_timer.c.obj)
                0x000000000002d3c8                rtc_nrf_isr
 .text.sys_clock_set_timeout
                0x000000000002d49c       0x5c zephyr/drivers/timer/libdrivers__timer.a(nrf_rtc_timer.c.obj)
                0x000000000002d49c                sys_clock_set_timeout
 .text.sys_clock_elapsed
                0x000000000002d4f8       0x14 zephyr/drivers/timer/libdrivers__timer.a(nrf_rtc_timer.c.obj)
                0x000000000002d4f8                sys_clock_elapsed
 .text.sys_clock_disable
                0x000000000002d50c       0x30 zephyr/drivers/timer/libdrivers__timer.a(nrf_rtc_timer.c.obj)
                0x000000000002d50c                sys_clock_disable
 .text.nrf52_errata_98
                0x000000000002d53c       0x24 modules/hal_nordic/nrfx/libmodules__hal_nordic__nrfx.a(system_nrf52840.c.obj)
 .text.nvmc_wait
                0x000000000002d560       0x10 modules/hal_nordic/nrfx/libmodules__hal_nordic__nrfx.a(system_nrf52840.c.obj)
                0x000000000002d560                nvmc_wait
 .text.SystemInit
                0x000000000002d570      0x1d8 modules/hal_nordic/nrfx/libmodules__hal_nordic__nrfx.a(system_nrf52840.c.obj)
                0x000000000002d570                SystemInit
 .text.nrfx_flag32_alloc
                0x000000000002d748       0x48 modules/hal_nordic/nrfx/libmodules__hal_nordic__nrfx.a(nrfx_flag32_allocator.c.obj)
                0x000000000002d748                nrfx_flag32_alloc
 .text.nrfx_flag32_free
                0x000000000002d790       0x40 modules/hal_nordic/nrfx/libmodules__hal_nordic__nrfx.a(nrfx_flag32_allocator.c.obj)
                0x000000000002d790                nrfx_flag32_free
 .text.clock_stop
                0x000000000002d7d0       0xc4 modules/hal_nordic/nrfx/libmodules__hal_nordic__nrfx.a(nrfx_clock.c.obj)
 .text.nrfx_clock_init
                0x000000000002d894       0x20 modules/hal_nordic/nrfx/libmodules__hal_nordic__nrfx.a(nrfx_clock.c.obj)
                0x000000000002d894                nrfx_clock_init
 .text.nrfx_clock_enable
                0x000000000002d8b4       0x30 modules/hal_nordic/nrfx/libmodules__hal_nordic__nrfx.a(nrfx_clock.c.obj)
                0x000000000002d8b4                nrfx_clock_enable
 .text.nrfx_clock_start
                0x000000000002d8e4       0xa8 modules/hal_nordic/nrfx/libmodules__hal_nordic__nrfx.a(nrfx_clock.c.obj)
                0x000000000002d8e4                nrfx_clock_start
 .text.nrfx_clock_irq_handler
                0x000000000002d98c       0x68 modules/hal_nordic/nrfx/libmodules__hal_nordic__nrfx.a(nrfx_clock.c.obj)
                0x000000000002d98c                nrfx_clock_irq_handler
 .text.nrf_gpio_pin_port_decode
                0x000000000002d9f4       0x20 modules/hal_nordic/nrfx/libmodules__hal_nordic__nrfx.a(nrfx_gpiote.c.obj)
 .text.get_pin_idx
                0x000000000002da14       0x14 modules/hal_nordic/nrfx/libmodules__hal_nordic__nrfx.a(nrfx_gpiote.c.obj)
 .text.call_handler.constprop.0
                0x000000000002da28       0x40 modules/hal_nordic/nrfx/libmodules__hal_nordic__nrfx.a(nrfx_gpiote.c.obj)
 .text.pin_te_get.constprop.0
                0x000000000002da68       0x18 modules/hal_nordic/nrfx/libmodules__hal_nordic__nrfx.a(nrfx_gpiote.c.obj)
 .text.pin_is_output.constprop.0
                0x000000000002da80       0x18 modules/hal_nordic/nrfx/libmodules__hal_nordic__nrfx.a(nrfx_gpiote.c.obj)
 .text.pin_in_use_by_te.constprop.0
                0x000000000002da98       0x18 modules/hal_nordic/nrfx/libmodules__hal_nordic__nrfx.a(nrfx_gpiote.c.obj)
 .text.latch_pending_read_and_check
                0x000000000002dab0       0x40 modules/hal_nordic/nrfx/libmodules__hal_nordic__nrfx.a(nrfx_gpiote.c.obj)
 .text.release_handler.isra.0
                0x000000000002daf0       0x58 modules/hal_nordic/nrfx/libmodules__hal_nordic__nrfx.a(nrfx_gpiote.c.obj)
 .text.__nrfy_internal_gpiote_events_process.constprop.0
                0x000000000002db48       0x5c modules/hal_nordic/nrfx/libmodules__hal_nordic__nrfx.a(nrfx_gpiote.c.obj)
 .text.pin_uninit
                0x000000000002dba4       0x80 modules/hal_nordic/nrfx/libmodules__hal_nordic__nrfx.a(nrfx_gpiote.c.obj)
 .text.nrfx_gpiote_input_configure
                0x000000000002dc24      0x174 modules/hal_nordic/nrfx/libmodules__hal_nordic__nrfx.a(nrfx_gpiote.c.obj)
                0x000000000002dc24                nrfx_gpiote_input_configure
 .text.nrfx_gpiote_output_configure
                0x000000000002dd98       0xfc modules/hal_nordic/nrfx/libmodules__hal_nordic__nrfx.a(nrfx_gpiote.c.obj)
                0x000000000002dd98                nrfx_gpiote_output_configure
 .text.nrfx_gpiote_global_callback_set
                0x000000000002de94        0xc modules/hal_nordic/nrfx/libmodules__hal_nordic__nrfx.a(nrfx_gpiote.c.obj)
                0x000000000002de94                nrfx_gpiote_global_callback_set
 .text.nrfx_gpiote_channel_get
                0x000000000002dea0       0x34 modules/hal_nordic/nrfx/libmodules__hal_nordic__nrfx.a(nrfx_gpiote.c.obj)
                0x000000000002dea0                nrfx_gpiote_channel_get
 .text.nrfx_gpiote_init
                0x000000000002ded4       0x68 modules/hal_nordic/nrfx/libmodules__hal_nordic__nrfx.a(nrfx_gpiote.c.obj)
                0x000000000002ded4                nrfx_gpiote_init
 .text.nrfx_gpiote_init_check
                0x000000000002df3c       0x14 modules/hal_nordic/nrfx/libmodules__hal_nordic__nrfx.a(nrfx_gpiote.c.obj)
                0x000000000002df3c                nrfx_gpiote_init_check
 .text.nrfx_gpiote_channel_free
                0x000000000002df50        0xc modules/hal_nordic/nrfx/libmodules__hal_nordic__nrfx.a(nrfx_gpiote.c.obj)
                0x000000000002df50                nrfx_gpiote_channel_free
 .text.nrfx_gpiote_channel_alloc
                0x000000000002df5c        0xc modules/hal_nordic/nrfx/libmodules__hal_nordic__nrfx.a(nrfx_gpiote.c.obj)
                0x000000000002df5c                nrfx_gpiote_channel_alloc
 .text.nrfx_gpiote_trigger_enable
                0x000000000002df68       0xb0 modules/hal_nordic/nrfx/libmodules__hal_nordic__nrfx.a(nrfx_gpiote.c.obj)
                0x000000000002df68                nrfx_gpiote_trigger_enable
 .text.nrfx_gpiote_0_irq_handler
                0x000000000002e018      0x1bc modules/hal_nordic/nrfx/libmodules__hal_nordic__nrfx.a(nrfx_gpiote.c.obj)
                0x000000000002e018                nrfx_gpiote_0_irq_handler
 .text.nvmc_word_write
                0x000000000002e1d4       0x18 modules/hal_nordic/nrfx/libmodules__hal_nordic__nrfx.a(nrfx_nvmc.c.obj)
 .text.nrfx_nvmc_page_erase
                0x000000000002e1ec       0x40 modules/hal_nordic/nrfx/libmodules__hal_nordic__nrfx.a(nrfx_nvmc.c.obj)
                0x000000000002e1ec                nrfx_nvmc_page_erase
 .text.nrfx_nvmc_word_write
                0x000000000002e22c       0x1c modules/hal_nordic/nrfx/libmodules__hal_nordic__nrfx.a(nrfx_nvmc.c.obj)
                0x000000000002e22c                nrfx_nvmc_word_write
 .text.nrfx_power_init
                0x000000000002e248       0x74 modules/hal_nordic/nrfx/libmodules__hal_nordic__nrfx.a(nrfx_power.c.obj)
                0x000000000002e248                nrfx_power_init
 .text.nrfx_power_usbevt_uninit
                0x000000000002e2bc       0x18 modules/hal_nordic/nrfx/libmodules__hal_nordic__nrfx.a(nrfx_power.c.obj)
                0x000000000002e2bc                nrfx_power_usbevt_uninit
 .text.nrfx_power_usbevt_init
                0x000000000002e2d4       0x14 modules/hal_nordic/nrfx/libmodules__hal_nordic__nrfx.a(nrfx_power.c.obj)
                0x000000000002e2d4                nrfx_power_usbevt_init
 .text.nrfx_power_irq_handler
                0x000000000002e2e8       0xa0 modules/hal_nordic/nrfx/libmodules__hal_nordic__nrfx.a(nrfx_power.c.obj)
                0x000000000002e2e8                nrfx_power_irq_handler
 .text.qspi_ready_wait
                0x000000000002e388       0x54 modules/hal_nordic/nrfx/libmodules__hal_nordic__nrfx.a(nrfx_qspi.c.obj)
 .text.qspi_activate
                0x000000000002e3dc       0x34 modules/hal_nordic/nrfx/libmodules__hal_nordic__nrfx.a(nrfx_qspi.c.obj)
 .text.qspi_xfer
                0x000000000002e410       0xe8 modules/hal_nordic/nrfx/libmodules__hal_nordic__nrfx.a(nrfx_qspi.c.obj)
 .text.qspi_event_xfer_handle.constprop.0
                0x000000000002e4f8       0x28 modules/hal_nordic/nrfx/libmodules__hal_nordic__nrfx.a(nrfx_qspi.c.obj)
 .text.nrf_gpio_cfg.constprop.0
                0x000000000002e520       0x44 modules/hal_nordic/nrfx/libmodules__hal_nordic__nrfx.a(nrfx_qspi.c.obj)
 .text.nrf_qspi_cinstrdata_get.constprop.0
                0x000000000002e564       0x40 modules/hal_nordic/nrfx/libmodules__hal_nordic__nrfx.a(nrfx_qspi.c.obj)
 .text.nrf_qspi_cinstrdata_set.constprop.0
                0x000000000002e5a4       0x64 modules/hal_nordic/nrfx/libmodules__hal_nordic__nrfx.a(nrfx_qspi.c.obj)
 .text.nrf_qspi_pins_set.constprop.0
                0x000000000002e608       0x5c modules/hal_nordic/nrfx/libmodules__hal_nordic__nrfx.a(nrfx_qspi.c.obj)
 .text.qspi_deactivate
                0x000000000002e664       0x34 modules/hal_nordic/nrfx/libmodules__hal_nordic__nrfx.a(nrfx_qspi.c.obj)
 .text.qspi_workaround_215_43_apply
                0x000000000002e698       0x70 modules/hal_nordic/nrfx/libmodules__hal_nordic__nrfx.a(nrfx_qspi.c.obj)
 .text.qspi_configure
                0x000000000002e708       0xec modules/hal_nordic/nrfx/libmodules__hal_nordic__nrfx.a(nrfx_qspi.c.obj)
 .text.nrfx_qspi_init
                0x000000000002e7f4       0x40 modules/hal_nordic/nrfx/libmodules__hal_nordic__nrfx.a(nrfx_qspi.c.obj)
                0x000000000002e7f4                nrfx_qspi_init
 .text.nrfx_qspi_cinstr_xfer
                0x000000000002e834       0xac modules/hal_nordic/nrfx/libmodules__hal_nordic__nrfx.a(nrfx_qspi.c.obj)
                0x000000000002e834                nrfx_qspi_cinstr_xfer
 .text.nrfx_qspi_activate
                0x000000000002e8e0       0x18 modules/hal_nordic/nrfx/libmodules__hal_nordic__nrfx.a(nrfx_qspi.c.obj)
                0x000000000002e8e0                nrfx_qspi_activate
 .text.nrfx_qspi_deactivate
                0x000000000002e8f8       0x24 modules/hal_nordic/nrfx/libmodules__hal_nordic__nrfx.a(nrfx_qspi.c.obj)
                0x000000000002e8f8                nrfx_qspi_deactivate
 .text.nrfx_qspi_init_check
                0x000000000002e91c       0x14 modules/hal_nordic/nrfx/libmodules__hal_nordic__nrfx.a(nrfx_qspi.c.obj)
                0x000000000002e91c                nrfx_qspi_init_check
 .text.nrfx_qspi_erase
                0x000000000002e930       0x9c modules/hal_nordic/nrfx/libmodules__hal_nordic__nrfx.a(nrfx_qspi.c.obj)
                0x000000000002e930                nrfx_qspi_erase
 .text.nrfx_qspi_irq_handler
                0x000000000002e9cc       0x94 modules/hal_nordic/nrfx/libmodules__hal_nordic__nrfx.a(nrfx_qspi.c.obj)
                0x000000000002e9cc                nrfx_qspi_irq_handler
 .text.z_impl_device_get_binding
                0x000000000002ea60       0x48 zephyr/kernel/libkernel.a(device.c.obj)
                0x000000000002ea60                z_impl_device_get_binding
 .text.z_fatal_error
                0x000000000002eaa8       0x30 zephyr/kernel/libkernel.a(fatal.c.obj)
                0x000000000002eaa8                z_fatal_error
 .text.z_sys_init_run_level
                0x000000000002ead8       0x2c zephyr/kernel/libkernel.a(init.c.obj)
 .text.bg_thread_main
                0x000000000002eb04       0xc4 zephyr/kernel/libkernel.a(init.c.obj)
 .text.z_bss_zero
                0x000000000002ebc8       0x18 zephyr/kernel/libkernel.a(init.c.obj)
                0x000000000002ebc8                z_bss_zero
 .text.z_init_cpu
                0x000000000002ebe0       0x6c zephyr/kernel/libkernel.a(init.c.obj)
                0x000000000002ebe0                z_init_cpu
 .text.z_cstart
                0x000000000002ec4c       0xd0 zephyr/kernel/libkernel.a(init.c.obj)
                0x000000000002ec4c                z_cstart
 .text.init_mem_slab_obj_core_list
                0x000000000002ed1c       0x24 zephyr/kernel/libkernel.a(mem_slab.c.obj)
 .text.k_mem_slab_alloc
                0x000000000002ed40       0x5c zephyr/kernel/libkernel.a(mem_slab.c.obj)
                0x000000000002ed40                k_mem_slab_alloc
 .text.z_impl_k_msgq_put
                0x000000000002ed9c       0xb0 zephyr/kernel/libkernel.a(msg_q.c.obj)
                0x000000000002ed9c                z_impl_k_msgq_put
 .text.z_impl_k_msgq_get
                0x000000000002ee4c       0xc4 zephyr/kernel/libkernel.a(msg_q.c.obj)
                0x000000000002ee4c                z_impl_k_msgq_get
 .text.z_impl_k_mutex_lock
                0x000000000002ef10       0xf0 zephyr/kernel/libkernel.a(mutex.c.obj)
                0x000000000002ef10                z_impl_k_mutex_lock
 .text.z_impl_k_mutex_unlock
                0x000000000002f000       0xa0 zephyr/kernel/libkernel.a(mutex.c.obj)
                0x000000000002f000                z_impl_k_mutex_unlock
 .text.z_impl_k_queue_get
                0x000000000002f0a0       0x64 zephyr/kernel/libkernel.a(queue.c.obj)
                0x000000000002f0a0                z_impl_k_queue_get
 .text.z_impl_k_sem_give
                0x000000000002f104       0x68 zephyr/kernel/libkernel.a(sem.c.obj)
                0x000000000002f104                z_impl_k_sem_give
 .text.z_impl_k_sem_take
                0x000000000002f16c       0x4c zephyr/kernel/libkernel.a(sem.c.obj)
                0x000000000002f16c                z_impl_k_sem_take
 .text.work_queue_main
                0x000000000002f1b8      0x14c zephyr/kernel/libkernel.a(work.c.obj)
 .text.submit_to_queue_locked
                0x000000000002f304       0xb4 zephyr/kernel/libkernel.a(work.c.obj)
 .text.k_work_submit
                0x000000000002f3b8        0xc zephyr/kernel/libkernel.a(work.c.obj)
                0x000000000002f3b8                k_work_submit
 .text.k_work_queue_start
                0x000000000002f3c4       0x7c zephyr/kernel/libkernel.a(work.c.obj)
                0x000000000002f3c4                k_work_queue_start
 .text.k_work_schedule_for_queue
                0x000000000002f440       0x54 zephyr/kernel/libkernel.a(work.c.obj)
                0x000000000002f440                k_work_schedule_for_queue
 .text.z_setup_new_thread
                0x000000000002f494       0x98 zephyr/kernel/libkernel.a(thread.c.obj)
                0x000000000002f494                z_setup_new_thread
 .text.z_impl_k_thread_create
                0x000000000002f52c       0x58 zephyr/kernel/libkernel.a(thread.c.obj)
                0x000000000002f52c                z_impl_k_thread_create
 .text.z_dummy_thread_init
                0x000000000002f584       0x18 zephyr/kernel/libkernel.a(thread.c.obj)
                0x000000000002f584                z_dummy_thread_init
 .text.z_swap_irqlock
                0x000000000002f59c       0x30 zephyr/kernel/libkernel.a(sched.c.obj)
 .text.ready_thread
                0x000000000002f5cc       0x84 zephyr/kernel/libkernel.a(sched.c.obj)
 .text.unready_thread
                0x000000000002f650       0x54 zephyr/kernel/libkernel.a(sched.c.obj)
 .text.move_thread_to_end_of_prio_q
                0x000000000002f6a4       0x90 zephyr/kernel/libkernel.a(sched.c.obj)
                0x000000000002f6a4                move_thread_to_end_of_prio_q
 .text.z_pend_curr
                0x000000000002f734       0x58 zephyr/kernel/libkernel.a(sched.c.obj)
                0x000000000002f734                z_pend_curr
 .text.z_thread_prio_set
                0x000000000002f78c       0xa0 zephyr/kernel/libkernel.a(sched.c.obj)
                0x000000000002f78c                z_thread_prio_set
 .text.z_reschedule
                0x000000000002f82c       0x24 zephyr/kernel/libkernel.a(sched.c.obj)
                0x000000000002f82c                z_reschedule
 .text.z_reschedule_irqlock
                0x000000000002f850       0x28 zephyr/kernel/libkernel.a(sched.c.obj)
                0x000000000002f850                z_reschedule_irqlock
 .text.k_sched_lock
                0x000000000002f878       0x28 zephyr/kernel/libkernel.a(sched.c.obj)
                0x000000000002f878                k_sched_lock
 .text.k_sched_unlock
                0x000000000002f8a0       0x68 zephyr/kernel/libkernel.a(sched.c.obj)
                0x000000000002f8a0                k_sched_unlock
 .text.z_sched_init
                0x000000000002f908       0x10 zephyr/kernel/libkernel.a(sched.c.obj)
                0x000000000002f908                z_sched_init
 .text.z_impl_k_yield
                0x000000000002f918       0x88 zephyr/kernel/libkernel.a(sched.c.obj)
                0x000000000002f918                z_impl_k_yield
 .text.z_tick_sleep
                0x000000000002f9a0       0x80 zephyr/kernel/libkernel.a(sched.c.obj)
 .text.z_impl_k_usleep
                0x000000000002fa20       0x3c zephyr/kernel/libkernel.a(sched.c.obj)
                0x000000000002fa20                z_impl_k_usleep
 .text.z_impl_k_wakeup
                0x000000000002fa5c       0x48 zephyr/kernel/libkernel.a(sched.c.obj)
                0x000000000002fa5c                z_impl_k_wakeup
 .text.z_impl_k_sched_current_thread_query
                0x000000000002faa4        0xc zephyr/kernel/libkernel.a(sched.c.obj)
                0x000000000002faa4                z_impl_k_sched_current_thread_query
 .text.z_thread_abort
                0x000000000002fab0      0x140 zephyr/kernel/libkernel.a(sched.c.obj)
                0x000000000002fab0                z_thread_abort
 .text.z_sched_wait
                0x000000000002fbf0       0x24 zephyr/kernel/libkernel.a(sched.c.obj)
                0x000000000002fbf0                z_sched_wait
 .text.slice_timeout
                0x000000000002fc14       0x20 zephyr/kernel/libkernel.a(timeslicing.c.obj)
 .text.thread_is_sliceable
                0x000000000002fc34       0x3c zephyr/kernel/libkernel.a(timeslicing.c.obj)
                0x000000000002fc34                thread_is_sliceable
 .text.z_reset_time_slice
                0x000000000002fc70       0x50 zephyr/kernel/libkernel.a(timeslicing.c.obj)
                0x000000000002fc70                z_reset_time_slice
 .text.z_time_slice
                0x000000000002fcc0       0x60 zephyr/kernel/libkernel.a(timeslicing.c.obj)
                0x000000000002fcc0                z_time_slice
 .text.z_data_copy
                0x000000000002fd20       0x38 zephyr/kernel/libkernel.a(xip.c.obj)
                0x000000000002fd20                z_data_copy
 .text.first    0x000000000002fd58       0x10 zephyr/kernel/libkernel.a(timeout.c.obj)
 .text.elapsed  0x000000000002fd68       0x14 zephyr/kernel/libkernel.a(timeout.c.obj)
 .text.remove_timeout
                0x000000000002fd7c       0x38 zephyr/kernel/libkernel.a(timeout.c.obj)
 .text.z_add_timeout
                0x000000000002fdb4       0xec zephyr/kernel/libkernel.a(timeout.c.obj)
                0x000000000002fdb4                z_add_timeout
 .text.sys_clock_announce
                0x000000000002fea0       0xb0 zephyr/kernel/libkernel.a(timeout.c.obj)
                0x000000000002fea0                sys_clock_announce
 .text.sys_clock_tick_get
                0x000000000002ff50       0x30 zephyr/kernel/libkernel.a(timeout.c.obj)
                0x000000000002ff50                sys_clock_tick_get
 .text.z_timer_expiration_handler
                0x000000000002ff80       0xe0 zephyr/kernel/libkernel.a(timer.c.obj)
                0x000000000002ff80                z_timer_expiration_handler
 .text.z_impl_k_timer_start
                0x0000000000030060       0x74 zephyr/kernel/libkernel.a(timer.c.obj)
                0x0000000000030060                z_impl_k_timer_start
 .text.z_thread_aligned_alloc
                0x00000000000300d4       0x40 zephyr/kernel/libkernel.a(mempool.c.obj)
                0x00000000000300d4                z_thread_aligned_alloc
 .text.boot_banner
                0x0000000000030114        0xc zephyr/kernel/libkernel.a(banner.c.obj)
                0x0000000000030114                boot_banner
 .text.statics_init
                0x0000000000030120       0x24 zephyr/kernel/libkernel.a(kheap.c.obj)
 .text.k_sys_work_q_init
                0x0000000000030144       0x34 zephyr/kernel/libkernel.a(system_work_q.c.obj)
 .text.exit     0x0000000000030178       0x1c /home/tverdyy/.local/zephyr-sdk/arm-zephyr-eabi/bin/../lib/gcc/../../picolibc/arm-zephyr-eabi/lib/thumb/v7e-m+fp/hard/libc.a(libc_stdlib_pico-exit.c.o)
                0x0000000000030178                exit
 .text.puts     0x0000000000030194       0x40 /home/tverdyy/.local/zephyr-sdk/arm-zephyr-eabi/bin/../lib/gcc/../../picolibc/arm-zephyr-eabi/lib/thumb/v7e-m+fp/hard/libc.a(libc_tinystdio_puts.c.o)
                0x0000000000030194                puts
 .text.snprintf
                0x00000000000301d4       0x58 /home/tverdyy/.local/zephyr-sdk/arm-zephyr-eabi/bin/../lib/gcc/../../picolibc/arm-zephyr-eabi/lib/thumb/v7e-m+fp/hard/libc.a(libc_tinystdio_snprintf.c.o)
                0x00000000000301d4                snprintf
 .text.skip_to_arg
                0x000000000003022c      0x138 /home/tverdyy/.local/zephyr-sdk/arm-zephyr-eabi/bin/../lib/gcc/../../picolibc/arm-zephyr-eabi/lib/thumb/v7e-m+fp/hard/libc.a(libc_tinystdio_vfprintf.c.o)
 .text.vfprintf
                0x0000000000030364      0x9f4 /home/tverdyy/.local/zephyr-sdk/arm-zephyr-eabi/bin/../lib/gcc/../../picolibc/arm-zephyr-eabi/lib/thumb/v7e-m+fp/hard/libc.a(libc_tinystdio_vfprintf.c.o)
                0x0000000000030364                __d_vfprintf
 .text.div10    0x0000000000030d58       0x28 /home/tverdyy/.local/zephyr-sdk/arm-zephyr-eabi/bin/../lib/gcc/../../picolibc/arm-zephyr-eabi/lib/thumb/v7e-m+fp/hard/libc.a(libc_tinystdio_dtoa_ryu.c.o)
 .text.__dtoa_engine
                0x0000000000030d80      0x4ac /home/tverdyy/.local/zephyr-sdk/arm-zephyr-eabi/bin/../lib/gcc/../../picolibc/arm-zephyr-eabi/lib/thumb/v7e-m+fp/hard/libc.a(libc_tinystdio_dtoa_ryu.c.o)
                0x0000000000030d80                __dtoa_engine
 .text.__log10Pow2
                0x000000000003122c        0xc /home/tverdyy/.local/zephyr-sdk/arm-zephyr-eabi/bin/../lib/gcc/../../picolibc/arm-zephyr-eabi/lib/thumb/v7e-m+fp/hard/libc.a(libc_tinystdio_ryu_log10.c.o)
                0x000000000003122c                __log10Pow2
 .text.__log10Pow5
                0x0000000000031238        0xc /home/tverdyy/.local/zephyr-sdk/arm-zephyr-eabi/bin/../lib/gcc/../../picolibc/arm-zephyr-eabi/lib/thumb/v7e-m+fp/hard/libc.a(libc_tinystdio_ryu_log10.c.o)
                0x0000000000031238                __log10Pow5
 .text.__pow5bits
                0x0000000000031244       0x10 /home/tverdyy/.local/zephyr-sdk/arm-zephyr-eabi/bin/../lib/gcc/../../picolibc/arm-zephyr-eabi/lib/thumb/v7e-m+fp/hard/libc.a(libc_tinystdio_ryu_pow5bits.c.o)
                0x0000000000031244                __pow5bits
 .text.__pow5Factor
                0x0000000000031254       0x30 /home/tverdyy/.local/zephyr-sdk/arm-zephyr-eabi/bin/../lib/gcc/../../picolibc/arm-zephyr-eabi/lib/thumb/v7e-m+fp/hard/libc.a(libc_tinystdio_ryu_table.c.o)
                0x0000000000031254                __pow5Factor
 .text.__double_computePow5
                0x0000000000031284       0xe8 /home/tverdyy/.local/zephyr-sdk/arm-zephyr-eabi/bin/../lib/gcc/../../picolibc/arm-zephyr-eabi/lib/thumb/v7e-m+fp/hard/libc.a(libc_tinystdio_ryu_table.c.o)
                0x0000000000031284                __double_computePow5
 .text.__double_computeInvPow5
                0x000000000003136c       0xf8 /home/tverdyy/.local/zephyr-sdk/arm-zephyr-eabi/bin/../lib/gcc/../../picolibc/arm-zephyr-eabi/lib/thumb/v7e-m+fp/hard/libc.a(libc_tinystdio_ryu_table.c.o)
                0x000000000003136c                __double_computeInvPow5
 .text.__libc_fini_array
                0x0000000000031464       0x2c /home/tverdyy/.local/zephyr-sdk/arm-zephyr-eabi/bin/../lib/gcc/../../picolibc/arm-zephyr-eabi/lib/thumb/v7e-m+fp/hard/libc.a(libc_misc_fini.c.o)
                0x0000000000031464                __libc_fini_array
 .text._OffsetAbsSyms
                0x0000000000031490        0x2 zephyr/CMakeFiles/offsets.dir/./arch/arm/core/offsets/offsets.c.obj
                0x0000000000031490                _OffsetAbsSyms
 .text.btmm_ram_size
                0x0000000000031492        0x4 app/libapp.a(bootmode_to_magic_mapper.c.obj)
 .text.zmk_behavior_get_binding
                0x0000000000031496        0x4 app/libapp.a(behavior.c.obj)
                0x0000000000031496                zmk_behavior_get_binding
 .text.invoke_locally
                0x000000000003149a       0x84 app/libapp.a(behavior.c.obj)
 .text.zmk_behavior_invoke_binding
                0x000000000003151e       0x84 app/libapp.a(behavior.c.obj)
                0x000000000003151e                zmk_behavior_invoke_binding
 .text.zmk_matrix_transform_row_column_to_position
                0x00000000000315a2       0x34 app/libapp.a(matrix_transform.c.obj)
                0x00000000000315a2                zmk_matrix_transform_row_column_to_position
 .text.zmk_physical_layouts_get_position_map
                0x00000000000315d6       0x1a app/libapp.a(physical_layouts.c.obj)
                0x00000000000315d6                zmk_physical_layouts_get_position_map
 .text.zmk_event_manager_raise
                0x00000000000315f0        0x6 app/libapp.a(event_manager.c.obj)
                0x00000000000315f0                zmk_event_manager_raise
 .text.on_keymap_binding_pressed
                0x00000000000315f6       0x2c app/libapp.a(behavior_reset.c.obj)
 .text.ext_power_enable
                0x0000000000031622        0xe app/libapp.a(behavior_ext_power.c.obj)
 .text.ext_power_disable
                0x0000000000031630        0xe app/libapp.a(behavior_ext_power.c.obj)
 .text.ext_power_get
                0x000000000003163e        0xe app/libapp.a(behavior_ext_power.c.obj)
 .text.on_keymap_binding_released
                0x000000000003164c        0xc app/libapp.a(behavior_ext_power.c.obj)
 .text.zmk_hid_register_mods
                0x0000000000031658       0x22 app/libapp.a(hid.c.obj)
                0x0000000000031658                zmk_hid_register_mods
 .text.zmk_hid_unregister_mods
                0x000000000003167a       0x22 app/libapp.a(hid.c.obj)
                0x000000000003167a                zmk_hid_unregister_mods
 .text.zmk_hid_press
                0x000000000003169c       0x1e app/libapp.a(hid.c.obj)
                0x000000000003169c                zmk_hid_press
 .text.zmk_hid_release
                0x00000000000316ba       0x1e app/libapp.a(hid.c.obj)
                0x00000000000316ba                zmk_hid_release
 .text.zmk_hid_is_pressed
                0x00000000000316d8       0x1c app/libapp.a(hid.c.obj)
                0x00000000000316d8                zmk_hid_is_pressed
 .text.raise_zmk_keycode_state_changed_from_encoded
                0x00000000000316f4       0x5e app/libapp.a(behavior_key_press.c.obj)
 .text.on_keymap_binding_released
                0x0000000000031752       0x14 app/libapp.a(behavior_key_press.c.obj)
 .text.on_keymap_binding_pressed
                0x0000000000031766       0x14 app/libapp.a(behavior_key_press.c.obj)
 .text.mo_keymap_binding_released
                0x000000000003177a       0x22 app/libapp.a(behavior_momentary_layer.c.obj)
 .text.mo_keymap_binding_pressed
                0x000000000003179c       0x22 app/libapp.a(behavior_momentary_layer.c.obj)
 .text.zmk_endpoint_instance_eq
                0x00000000000317be       0x3a app/libapp.a(endpoints.c.obj)
                0x00000000000317be                zmk_endpoint_instance_eq
 .text.zmk_endpoint_send_report
                0x00000000000317f8       0x16 app/libapp.a(endpoints.c.obj)
                0x00000000000317f8                zmk_endpoint_send_report
 .text.zmk_endpoint_clear_reports
                0x000000000003180e       0x16 app/libapp.a(endpoints.c.obj)
                0x000000000003180e                zmk_endpoint_clear_reports
 .text.endpoint_settings_commit
                0x0000000000031824        0xa app/libapp.a(endpoints.c.obj)
 .text.endpoint_listener
                0x000000000003182e        0xa app/libapp.a(endpoints.c.obj)
 .text.hid_listener
                0x0000000000031838       0x92 app/libapp.a(hid_listener.c.obj)
                0x0000000000031838                hid_listener
 .text.keymap_init
                0x00000000000318ca        0x4 app/libapp.a(keymap.c.obj)
                0x00000000000318ca                keymap_init
 .text.zmk_keymap_layer_active_with_state
                0x00000000000318ce       0x14 app/libapp.a(keymap.c.obj)
                0x00000000000318ce                zmk_keymap_layer_active_with_state
 .text.zmk_keymap_layer_activate
                0x00000000000318e2        0x8 app/libapp.a(keymap.c.obj)
                0x00000000000318e2                zmk_keymap_layer_activate
 .text.zmk_keymap_layer_deactivate
                0x00000000000318ea        0x8 app/libapp.a(keymap.c.obj)
                0x00000000000318ea                zmk_keymap_layer_deactivate
 .text.zmk_keymap_apply_position_state
                0x00000000000318f2       0x2c app/libapp.a(keymap.c.obj)
                0x00000000000318f2                zmk_keymap_apply_position_state
 .text.keymap_listener
                0x000000000003191e       0x26 app/libapp.a(keymap.c.obj)
                0x000000000003191e                keymap_listener
 .text.raise_usb_status_changed_event
                0x0000000000031944        0xe app/libapp.a(usb.c.obj)
 .text.set_report_cb
                0x0000000000031952       0x16 app/libapp.a(usb_hid.c.obj)
 .text.get_report_cb
                0x0000000000031968       0x3e app/libapp.a(usb_hid.c.obj)
 .text.zmk_usb_hid_send_keyboard_report
                0x00000000000319a6       0x10 app/libapp.a(usb_hid.c.obj)
                0x00000000000319a6                zmk_usb_hid_send_keyboard_report
 .text.zmk_usb_hid_send_consumer_report
                0x00000000000319b6       0x10 app/libapp.a(usb_hid.c.obj)
                0x00000000000319b6                zmk_usb_hid_send_consumer_report
 .text.main     0x00000000000319c6        0xe app/libapp.a(main.c.obj)
                0x00000000000319c6                main
 .text.zmk_settings_erase
                0x00000000000319d4       0x26 app/libapp.a(reset_settings_nvs.c.obj)
                0x00000000000319d4                zmk_settings_erase
 .text.chunk_size
                0x00000000000319fa        0xa zephyr/libzephyr.a(heap.c.obj)
 .text.free_list_add
                0x0000000000031a04       0x4e zephyr/libzephyr.a(heap.c.obj)
 .text.free_list_remove_bidx
                0x0000000000031a52       0x3a zephyr/libzephyr.a(heap.c.obj)
 .text.free_list_remove
                0x0000000000031a8c       0x1a zephyr/libzephyr.a(heap.c.obj)
 .text.alloc_chunk
                0x0000000000031aa6       0x6e zephyr/libzephyr.a(heap.c.obj)
 .text.merge_chunks
                0x0000000000031b14       0x2c zephyr/libzephyr.a(heap.c.obj)
 .text.split_chunks
                0x0000000000031b40       0x34 zephyr/libzephyr.a(heap.c.obj)
 .text.free_chunk
                0x0000000000031b74       0x62 zephyr/libzephyr.a(heap.c.obj)
 .text.sys_heap_free
                0x0000000000031bd6       0x1e zephyr/libzephyr.a(heap.c.obj)
                0x0000000000031bd6                sys_heap_free
 .text.sys_heap_alloc
                0x0000000000031bf4       0x52 zephyr/libzephyr.a(heap.c.obj)
                0x0000000000031bf4                sys_heap_alloc
 .text.sys_heap_aligned_alloc
                0x0000000000031c46       0xd0 zephyr/libzephyr.a(heap.c.obj)
                0x0000000000031c46                sys_heap_aligned_alloc
 .text.sys_heap_init
                0x0000000000031d16       0x7a zephyr/libzephyr.a(heap.c.obj)
                0x0000000000031d16                sys_heap_init
 .text.arch_printk_char_out
                0x0000000000031d90        0x4 zephyr/libzephyr.a(printk.c.obj)
                0x0000000000031d90                arch_printk_char_out
 .text.printk   0x0000000000031d94       0x1a zephyr/libzephyr.a(printk.c.obj)
                0x0000000000031d94                printk
 .text.sys_slist_find_and_remove
                0x0000000000031dae       0x36 zephyr/libzephyr.a(onoff.c.obj)
 .text.process_recheck
                0x0000000000031de4       0x38 zephyr/libzephyr.a(onoff.c.obj)
 .text.validate_args
                0x0000000000031e1c       0x20 zephyr/libzephyr.a(onoff.c.obj)
 .text.notify_one
                0x0000000000031e3c       0x2c zephyr/libzephyr.a(onoff.c.obj)
 .text.transition_complete
                0x0000000000031e68       0x1c zephyr/libzephyr.a(onoff.c.obj)
 .text.onoff_manager_init
                0x0000000000031e84       0x26 zephyr/libzephyr.a(onoff.c.obj)
                0x0000000000031e84                onoff_manager_init
 .text.onoff_request
                0x0000000000031eaa       0xae zephyr/libzephyr.a(onoff.c.obj)
                0x0000000000031eaa                onoff_request
 .text.onoff_release
                0x0000000000031f58       0x48 zephyr/libzephyr.a(onoff.c.obj)
                0x0000000000031f58                onoff_release
 .text.onoff_cancel
                0x0000000000031fa0       0x36 zephyr/libzephyr.a(onoff.c.obj)
                0x0000000000031fa0                onoff_cancel
 .text.sys_notify_validate
                0x0000000000031fd6       0x22 zephyr/libzephyr.a(notify.c.obj)
                0x0000000000031fd6                sys_notify_validate
 .text.sys_notify_finalize
                0x0000000000031ff8       0x1a zephyr/libzephyr.a(notify.c.obj)
                0x0000000000031ff8                sys_notify_finalize
 .text.ring_buf_area_claim
                0x0000000000032012       0x30 zephyr/libzephyr.a(ring_buffer.c.obj)
                0x0000000000032012                ring_buf_area_claim
 .text.ring_buf_put_claim
                0x0000000000032042       0x1c zephyr/libzephyr.a(ring_buffer.c.obj)
 .text.ring_buf_get_claim
                0x000000000003205e       0x1c zephyr/libzephyr.a(ring_buffer.c.obj)
 .text.ring_buf_area_finish
                0x000000000003207a       0x2c zephyr/libzephyr.a(ring_buffer.c.obj)
                0x000000000003207a                ring_buf_area_finish
 .text.ring_buf_put
                0x00000000000320a6       0x40 zephyr/libzephyr.a(ring_buffer.c.obj)
                0x00000000000320a6                ring_buf_put
 .text.ring_buf_get
                0x00000000000320e6       0x44 zephyr/libzephyr.a(ring_buffer.c.obj)
                0x00000000000320e6                ring_buf_get
 .text._ConfigAbsSyms
                0x000000000003212a        0x2 zephyr/libzephyr.a(configs.c.obj)
                0x000000000003212a                _ConfigAbsSyms
 .text.nvs_flash_rd
                0x000000000003212c       0x1c zephyr/libzephyr.a(nvs.c.obj)
 .text.nvs_flash_cmp_const
                0x0000000000032148       0x56 zephyr/libzephyr.a(nvs.c.obj)
 .text.nvs_sector_advance
                0x000000000003219e       0x1a zephyr/libzephyr.a(nvs.c.obj)
 .text.nvs_flash_erase_sector
                0x00000000000321b8       0x32 zephyr/libzephyr.a(nvs.c.obj)
 .text.nvs_ate_crc8_update
                0x00000000000321ea       0x12 zephyr/libzephyr.a(nvs.c.obj)
 .text.nvs_al_size.isra.0
                0x00000000000321fc       0x14 zephyr/libzephyr.a(nvs.c.obj)
 .text.nvs_ate_valid
                0x0000000000032210       0x3e zephyr/libzephyr.a(nvs.c.obj)
 .text.nvs_close_ate_valid
                0x000000000003224e       0x3c zephyr/libzephyr.a(nvs.c.obj)
 .text.nvs_prev_ate
                0x000000000003228a       0x94 zephyr/libzephyr.a(nvs.c.obj)
 .text.nvs_flash_al_wrt
                0x000000000003231e       0x72 zephyr/libzephyr.a(nvs.c.obj)
 .text.nvs_flash_ate_wrt
                0x0000000000032390       0x22 zephyr/libzephyr.a(nvs.c.obj)
 .text.nvs_add_gc_done_ate
                0x00000000000323b2       0x2e zephyr/libzephyr.a(nvs.c.obj)
 .text.nvs_gc   0x00000000000323e0      0x19a zephyr/libzephyr.a(nvs.c.obj)
 .text.nvs_write
                0x000000000003257a      0x19c zephyr/libzephyr.a(nvs.c.obj)
                0x000000000003257a                nvs_write
 .text.nvs_delete
                0x0000000000032716        0x8 zephyr/libzephyr.a(nvs.c.obj)
                0x0000000000032716                nvs_delete
 .text.nvs_read_hist
                0x000000000003271e       0xc0 zephyr/libzephyr.a(nvs.c.obj)
                0x000000000003271e                nvs_read_hist
 .text.nvs_read
                0x00000000000327de        0xe zephyr/libzephyr.a(nvs.c.obj)
                0x00000000000327de                nvs_read
 .text.flash_area_close
                0x00000000000327ec        0x2 zephyr/libzephyr.a(flash_map.c.obj)
                0x00000000000327ec                flash_area_close
 .text.flash_area_erase
                0x00000000000327ee       0x34 zephyr/libzephyr.a(flash_map.c.obj)
                0x00000000000327ee                flash_area_erase
 .text.get_sectors_cb
                0x0000000000032822       0x44 zephyr/libzephyr.a(flash_map_layout.c.obj)
 .text.flash_area_get_sectors
                0x0000000000032866       0x32 zephyr/libzephyr.a(flash_map_layout.c.obj)
                0x0000000000032866                flash_area_get_sectors
 .text.get_ep_bm_from_addr
                0x0000000000032898       0x1c zephyr/libzephyr.a(usb_device.c.obj)
 .text.usb_write
                0x00000000000328b4       0x30 zephyr/libzephyr.a(usb_device.c.obj)
                0x00000000000328b4                usb_write
 .text.usb_get_dev_data_by_cfg
                0x00000000000328e4       0x18 zephyr/libzephyr.a(usb_descriptor.c.obj)
                0x00000000000328e4                usb_get_dev_data_by_cfg
 .text.usb_get_dev_data_by_iface
                0x00000000000328fc       0x1c zephyr/libzephyr.a(usb_descriptor.c.obj)
                0x00000000000328fc                usb_get_dev_data_by_iface
 .text.usb_get_dev_data_by_ep
                0x0000000000032918       0x2c zephyr/libzephyr.a(usb_descriptor.c.obj)
                0x0000000000032918                usb_get_dev_data_by_ep
 .text.usb_transfer_is_busy
                0x0000000000032944       0x16 zephyr/libzephyr.a(usb_transfer.c.obj)
                0x0000000000032944                usb_transfer_is_busy
 .text.cdc_interface_config
                0x000000000003295a       0x14 zephyr/libzephyr.a(cdc_acm.c.obj)
 .text.cdc_acm_irq_callback_work_handler
                0x000000000003296e        0xa zephyr/libzephyr.a(cdc_acm.c.obj)
 .text.cdc_acm_irq_tx_disable
                0x0000000000032978        0xa zephyr/libzephyr.a(cdc_acm.c.obj)
 .text.cdc_acm_irq_tx_ready
                0x0000000000032982       0x1e zephyr/libzephyr.a(cdc_acm.c.obj)
 .text.cdc_acm_irq_rx_disable
                0x00000000000329a0        0xa zephyr/libzephyr.a(cdc_acm.c.obj)
 .text.cdc_acm_irq_rx_ready
                0x00000000000329aa        0xe zephyr/libzephyr.a(cdc_acm.c.obj)
 .text.cdc_acm_irq_is_pending
                0x00000000000329b8       0x1c zephyr/libzephyr.a(cdc_acm.c.obj)
 .text.cdc_acm_irq_callback_set
                0x00000000000329d4        0x8 zephyr/libzephyr.a(cdc_acm.c.obj)
 .text.cdc_acm_fifo_read
                0x00000000000329dc       0x46 zephyr/libzephyr.a(cdc_acm.c.obj)
 .text.cdc_acm_poll_in
                0x0000000000032a22       0x12 zephyr/libzephyr.a(cdc_acm.c.obj)
 .text.cdc_acm_irq_update
                0x0000000000032a34       0x2e zephyr/libzephyr.a(cdc_acm.c.obj)
 .text.settings_load
                0x0000000000032a62        0x6 zephyr/libzephyr.a(settings_store.c.obj)
                0x0000000000032a62                settings_load
 .text.settings_delete
                0x0000000000032a68        0x8 zephyr/libzephyr.a(settings_store.c.obj)
                0x0000000000032a68                settings_delete
 .text.settings_name_steq
                0x0000000000032a70       0x48 zephyr/libzephyr.a(settings.c.obj)
                0x0000000000032a70                settings_name_steq
 .text.settings_call_set_handler
                0x0000000000032ab8       0x6a zephyr/libzephyr.a(settings.c.obj)
                0x0000000000032ab8                settings_call_set_handler
 .text.settings_nvs_storage_get
                0x0000000000032b22        0x4 zephyr/libzephyr.a(settings_nvs.c.obj)
 .text.settings_nvs_read_fn
                0x0000000000032b26       0x18 zephyr/libzephyr.a(settings_nvs.c.obj)
 .text.settings_nvs_save
                0x0000000000032b3e      0x118 zephyr/libzephyr.a(settings_nvs.c.obj)
 .text.settings_nvs_backend_init
                0x0000000000032c56       0x42 zephyr/libzephyr.a(settings_nvs.c.obj)
                0x0000000000032c56                settings_nvs_backend_init
 .text.z_impl_flash_flatten
                0x0000000000032c98       0x28 zephyr/libzephyr.a(flash_util.c.obj)
                0x0000000000032c98                z_impl_flash_flatten
 .text.z_arm_fatal_error
                0x0000000000032cc0        0xc zephyr/arch/arch/arm/core/libarch__arm__core.a(fatal.c.obj)
                0x0000000000032cc0                z_arm_fatal_error
 .text.z_do_kernel_oops